 addon

 Timestamp is 5fe7fca7 (Sun Dec 27 08:16:55 2020)

 Preferred load address is 0000000180000000

 Start         Length     Name                   Class
 0001:00000000 00014e00H .text$mn                CODE
 0001:00014e00 00000020H .text$mn$00             CODE
 0001:00014e20 000003c0H .text$x                 CODE
 0002:00000000 00000278H .idata$5                DATA
 0002:00000278 00000010H .00cfg                  DATA
 0002:00000288 00000008H .CRT$XCA                DATA
 0002:00000290 00000008H .CRT$XCU                DATA
 0002:00000298 00000008H .CRT$XCZ                DATA
 0002:000002a0 00000008H .CRT$XIA                DATA
 0002:000002a8 00000020H .CRT$XIC                DATA
 0002:000002c8 00000008H .CRT$XIZ                DATA
 0002:000002d0 00000008H .CRT$XLA                DATA
 0002:000002d8 00000008H .CRT$XLZ                DATA
 0002:000002e0 00000008H .CRT$XPA                DATA
 0002:000002e8 00000010H .CRT$XPX                DATA
 0002:000002f8 00000008H .CRT$XPXA               DATA
 0002:00000300 00000008H .CRT$XPZ                DATA
 0002:00000308 00000008H .CRT$XTA                DATA
 0002:00000310 00000010H .CRT$XTZ                DATA
 0002:00000318 00000000H .gfids$y                DATA
 0002:00000320 000081c0H .rdata                  DATA
 0002:000084e0 00000028H .rdata$T                DATA
 0002:00008508 0000037cH .rdata$r                DATA
 0002:00008884 0000042cH .rdata$zzzdbg           DATA
 0002:00008cb0 00000008H .rtc$IAA                DATA
 0002:00008cb8 00000008H .rtc$IZZ                DATA
 0002:00008cc0 00000008H .rtc$TAA                DATA
 0002:00008cc8 00000008H .rtc$TZZ                DATA
 0002:00008cd0 00000004H .tls                    DATA
 0002:00008cd4 00000004H .tls$                   DATA
 0002:00008cd8 00000008H .tls$ZZZ                DATA
 0002:00008ce0 00001330H .xdata                  DATA
 0002:0000a010 000001dcH .xdata$x                DATA
 0002:0000a1ec 00000020H .didat$2                DATA
 0002:0000a20c 00000024H .didat$3                DATA
 0002:0000a230 000000e0H .didat$4                DATA
 0002:0000a310 00000288H .didat$6                DATA
 0002:0000a598 000000e8H .didat$7                DATA
 0002:0000a680 00000050H .edata                  DATA
 0002:0000a6d0 00000014H .idata$2                DATA
 0002:0000a6e4 00000014H .idata$3                DATA
 0002:0000a6f8 00000278H .idata$4                DATA
 0002:0000a970 000005b0H .idata$6                DATA
 0003:00000000 00000a78H .data                   DATA
 0003:00000a78 00000118H .data$r                 DATA
 0003:00000b90 000000e0H .didat$5                DATA
 0003:00000c70 00001280H .bss                    DATA
 0004:00000000 000015b4H .pdata                  DATA
 0005:00000000 00000060H .rsrc$01                DATA
 0005:00000060 00000180H .rsrc$02                DATA

  Address         Publics by Value              Rva+Base               Lib:Object

 0000:00000000       __hybrid_code_map_count    0000000000000000     <absolute>
 0000:00000000       __hybrid_code_map          0000000000000000     <absolute>
 0000:00000000       __guard_iat_count          0000000000000000     <absolute>
 0000:00000000       __guard_longjmp_count      0000000000000000     <absolute>
 0000:00000000       __volatile_metadata        0000000000000000     <absolute>
 0000:00000000       __guard_longjmp_table      0000000000000000     <absolute>
 0000:00000000       __guard_iat_table          0000000000000000     <absolute>
 0000:00000000       __guard_fids_count         0000000000000000     <absolute>
 0000:00000000       ___safe_se_handler_count   0000000000000000     <absolute>
 0000:00000000       __enclave_config           0000000000000000     <absolute>
 0000:00000000       ___safe_se_handler_table   0000000000000000     <absolute>
 0000:00000000       __guard_fids_table         0000000000000000     <absolute>
 0000:00000000       __hybrid_auxiliary_iat     0000000000000000     <absolute>
 0000:00000000       __dynamic_value_reloc_table 0000000000000000     <absolute>
 0000:00000100       __guard_flags              0000000000000100     <absolute>
 0000:00000000       __ImageBase                0000000180000000     <linker-defined>
 0001:00000000       __local_stdio_printf_options 0000000180001000 f i addon.obj
 0001:00000010       printf                     0000000180001010 f i addon.obj
 0001:00000070       ?New@Number@Napi@@SA?AV12@PEAUnapi_env__@@N@Z 0000000180001070 f i addon.obj
 0001:00000160       ?Utf8Value@String@Napi@@QEBA?AV?$basic_string@DU?$char_traits@D@std@@V?$allocator@D@2@@std@@XZ 0000000180001160 f i addon.obj
 0001:00000420       ??AObject@Napi@@QEAA?AV?$PropertyLValue@V?$basic_string@DU?$char_traits@D@std@@V?$allocator@D@2@@std@@@01@PEBD@Z 0000000180001420 f i addon.obj
 0001:00000580       ?Call@Function@Napi@@QEBA?AVValue@2@AEBV?$initializer_list@PEAUnapi_value__@@@std@@@Z 0000000180001580 f i addon.obj
 0001:00000760       ?New@Error@Napi@@SA?AV12@PEAUnapi_env__@@@Z 0000000180001760 f i addon.obj
 0001:00000930       ?ThrowAsJavaScriptException@Error@Napi@@QEBAXXZ 0000000180001930 f i addon.obj
 0001:00000b20       ??0CallbackInfo@Napi@@QEAA@PEAUnapi_env__@@PEAUnapi_callback_info__@@@Z 0000000180001b20 f i addon.obj
 0001:00000cf0       ??ACallbackInfo@Napi@@QEBA?BVValue@1@_K@Z 0000000180001cf0 f i addon.obj
 0001:00000e10       ?NapiCanrcvFunction@@YAXAEBVCallbackInfo@Napi@@@Z 0000000180001e10 f   addon.obj
 0001:00001550       ?Init@@YA?AVObject@Napi@@VEnv@2@V12@@Z 0000000180002550 f   addon.obj
 0001:00001810       ?__napi_Init@@YAPEAUnapi_value__@@PEAUnapi_env__@@PEAU1@@Z 0000000180002810 f   addon.obj
 0001:00001870       ?reserve@?$basic_string@DU?$char_traits@D@std@@V?$allocator@D@2@@std@@QEAAX_K@Z 0000000180002870 f i addon.obj
 0001:00001a30       ??0?$basic_string@DU?$char_traits@D@std@@V?$allocator@D@2@@std@@QEAA@QEBD@Z 0000000180002a30 f i addon.obj
 0001:00001ba0       ??$?4H@?$PropertyLValue@V?$basic_string@DU?$char_traits@D@std@@V?$allocator@D@2@@std@@@Object@Napi@@QEAAAEAV012@H@Z 0000000180002ba0 f i addon.obj
 0001:00001cb0       ??$_Emplace_reallocate@AEBH@?$vector@HV?$allocator@H@std@@@std@@QEAAPEAHQEAHAEBH@Z 0000000180002cb0 f i addon.obj
 0001:00001e50       ??$_Reallocate_grow_by@V<lambda_e1befb086ad3257e3f042a63030725f7>@@_KD@?$basic_string@DU?$char_traits@D@std@@V?$allocator@D@2@@std@@QEAAAEAV01@_KV<lambda_e1befb086ad3257e3f042a63030725f7>@@_KD@Z 0000000180002e50 f i addon.obj
 0001:00001fc0       ?Wrapper@?$CallbackData@P6AXAEBVCallbackInfo@Napi@@@ZX@details@Napi@@SAPEAUnapi_value__@@PEAUnapi_env__@@PEAUnapi_callback_info__@@@Z 0000000180002fc0 f i addon.obj
 0001:00002010       ?_Xlength@?$vector@HV?$allocator@H@std@@@std@@CAXXZ 0000000180003010 f i addon.obj
 0001:00002030       ?_Xlen@?$basic_string@DU?$char_traits@D@std@@V?$allocator@D@2@@std@@SAXXZ 0000000180003030 f i addon.obj
 0001:00002094       __imp_load_napi_create_array_with_length 0000000180003094 f   node:node.exe
 0001:000020a0       __tailMerge_node_exe       00000001800030a0     node:node.exe
 0001:00002119       __imp_load_napi_create_function 0000000180003119 f   node:node.exe
 0001:00002125       __imp_load_napi_open_handle_scope 0000000180003125 f   node:node.exe
 0001:00002131       __imp_load_napi_get_last_error_info 0000000180003131 f   node:node.exe
 0001:0000213d       __imp_load_napi_create_error 000000018000313d f   node:node.exe
 0001:00002149       __imp_load_napi_call_function 0000000180003149 f   node:node.exe
 0001:00002155       __imp_load_napi_get_null   0000000180003155 f   node:node.exe
 0001:00002161       __imp_load_napi_delete_reference 0000000180003161 f   node:node.exe
 0001:0000216d       __imp_load_napi_fatal_error 000000018000316d f   node:node.exe
 0001:00002179       __imp_load_napi_is_exception_pending 0000000180003179 f   node:node.exe
 0001:00002185       __imp_load_napi_set_element 0000000180003185 f   node:node.exe
 0001:00002191       __imp_load_napi_get_value_string_utf8 0000000180003191 f   node:node.exe
 0001:0000219d       __imp_load_napi_add_finalizer 000000018000319d f   node:node.exe
 0001:000021a9       __imp_load_napi_create_type_error 00000001800031a9 f   node:node.exe
 0001:000021b5       __imp_load_napi_create_string_utf8 00000001800031b5 f   node:node.exe
 0001:000021c1       __imp_load_napi_module_register 00000001800031c1 f   node:node.exe
 0001:000021cd       __imp_load_napi_set_named_property 00000001800031cd f   node:node.exe
 0001:000021d9       __imp_load_napi_throw      00000001800031d9 f   node:node.exe
 0001:000021e5       __imp_load_napi_get_and_clear_last_exception 00000001800031e5 f   node:node.exe
 0001:000021f1       __imp_load_napi_create_object 00000001800031f1 f   node:node.exe
 0001:000021fd       __imp_load_napi_get_undefined 00000001800031fd f   node:node.exe
 0001:00002209       __imp_load_napi_set_property 0000000180003209 f   node:node.exe
 0001:00002215       __imp_load_napi_get_cb_info 0000000180003215 f   node:node.exe
 0001:00002221       __imp_load_napi_create_reference 0000000180003221 f   node:node.exe
 0001:0000222d       __imp_load_napi_close_handle_scope 000000018000322d f   node:node.exe
 0001:00002239       __imp_load_napi_create_double 0000000180003239 f   node:node.exe
 0001:00002245       __imp_load_napi_get_reference_value 0000000180003245 f   node:node.exe
 0001:00002254       ??0bad_alloc@std@@QEAA@AEBV01@@Z 0000000180003254 f i libcpmt:xthrow.obj
 0001:00002294       ??0bad_alloc@std@@QEAA@XZ  0000000180003294 f i libcpmt:xthrow.obj
 0001:000022b4       ??0exception@std@@QEAA@AEBV01@@Z 00000001800032b4 f i libcpmt:xthrow.obj
 0001:000022ec       ??0length_error@std@@QEAA@AEBV01@@Z 00000001800032ec f i libcpmt:xthrow.obj
 0001:0000232c       ??0length_error@std@@QEAA@PEBD@Z 000000018000332c f i libcpmt:xthrow.obj
 0001:00002378       ??0logic_error@std@@QEAA@AEBV01@@Z 0000000180003378 f i libcpmt:xthrow.obj
 0001:000023b8       ??1length_error@std@@UEAA@XZ 00000001800033b8 f i libcpmt:xthrow.obj
 0001:000023b8       ??1bad_array_new_length@std@@UEAA@XZ 00000001800033b8 f i LIBCMT:throw_bad_alloc.obj
 0001:000023b8       ??1bad_alloc@std@@UEAA@XZ  00000001800033b8 f i libcpmt:xthrow.obj
 0001:000023b8       ??1bad_exception@std@@UEAA@XZ 00000001800033b8 f i libvcruntime:frame.obj
 0001:000023cc       ??_Ebad_array_new_length@std@@UEAAPEAXI@Z 00000001800033cc f i LIBCMT:throw_bad_alloc.obj
 0001:000023cc       ??_Ebad_exception@std@@UEAAPEAXI@Z 00000001800033cc f i libvcruntime:frame.obj
 0001:000023cc       ??_Ebad_alloc@std@@UEAAPEAXI@Z 00000001800033cc f i libcpmt:xthrow.obj
 0001:000023cc       ??_Eexception@std@@UEAAPEAXI@Z 00000001800033cc f i libcpmt:xthrow.obj
 0001:000023cc       ??_Gbad_array_new_length@std@@UEAAPEAXI@Z 00000001800033cc f i LIBCMT:throw_bad_alloc.obj
 0001:000023cc       ??_Gexception@std@@UEAAPEAXI@Z 00000001800033cc f i libcpmt:xthrow.obj
 0001:000023cc       ??_Glogic_error@std@@UEAAPEAXI@Z 00000001800033cc f i libcpmt:xthrow.obj
 0001:000023cc       ??_Elength_error@std@@UEAAPEAXI@Z 00000001800033cc f i libcpmt:xthrow.obj
 0001:000023cc       ??_Gbad_alloc@std@@UEAAPEAXI@Z 00000001800033cc f i libcpmt:xthrow.obj
 0001:000023cc       ??_Elogic_error@std@@UEAAPEAXI@Z 00000001800033cc f i libcpmt:xthrow.obj
 0001:000023cc       ??_Glength_error@std@@UEAAPEAXI@Z 00000001800033cc f i libcpmt:xthrow.obj
 0001:000023cc       ??_Gbad_exception@std@@UEAAPEAXI@Z 00000001800033cc f i libvcruntime:frame.obj
 0001:00002410       ?_Xlength_error@std@@YAXPEBD@Z 0000000180003410 f   libcpmt:xthrow.obj
 0001:00002434       ?what@exception@std@@UEBAPEBDXZ 0000000180003434 f i libcpmt:xthrow.obj
 0001:00002460       __security_check_cookie    0000000180003460 f   LIBCMT:amdsecgs.obj
 0001:00002484       ??3@YAXPEAX_K@Z            0000000180003484 f   LIBCMT:delete_scalar_size.obj
 0001:00002484       ??_V@YAXPEAX@Z             0000000180003484 f   LIBCMT:delete_array.obj
 0001:00002614       _Init_thread_footer        0000000180003614 f   LIBCMT:thread_safe_statics.obj
 0001:00002674       _Init_thread_header        0000000180003674 f   LIBCMT:thread_safe_statics.obj
 0001:000026dc       _Init_thread_notify        00000001800036dc f   LIBCMT:thread_safe_statics.obj
 0001:0000272c       _Init_thread_wait          000000018000372c f   LIBCMT:thread_safe_statics.obj
 0001:000027a4       ??2@YAPEAX_K@Z             00000001800037a4 f   LIBCMT:new_scalar.obj
 0001:000027e0       ??_U@YAPEAX_K@Z            00000001800037e0 f   LIBCMT:new_array.obj
 0001:00002b18       _DllMainCRTStartup         0000000180003b18 f   LIBCMT:dll_dllmain.obj
 0001:00002b58       ??_Etype_info@@UEAAPEAXI@Z 0000000180003b58 f i LIBCMT:std_type_info_static.obj
 0001:00002b58       ??_Gtype_info@@UEAAPEAXI@Z 0000000180003b58 f i LIBCMT:std_type_info_static.obj
 0001:00002b84       __raise_securityfailure    0000000180003b84 f   LIBCMT:gs_report.obj
 0001:00002bb8       __report_gsfailure         0000000180003bb8 f   LIBCMT:gs_report.obj
 0001:00002c8c       __report_rangecheckfailure 0000000180003c8c f   LIBCMT:gs_report.obj
 0001:00002ca0       __report_securityfailure   0000000180003ca0 f   LIBCMT:gs_report.obj
 0001:00002e20       ??3@YAXPEAX@Z              0000000180003e20 f   LIBCMT:delete_scalar.obj
 0001:00002e28       __scrt_acquire_startup_lock 0000000180003e28 f   LIBCMT:utility.obj
 0001:00002e64       __scrt_dllmain_after_initialize_c 0000000180003e64 f   LIBCMT:utility.obj
 0001:00002e98       __scrt_dllmain_before_initialize_c 0000000180003e98 f   LIBCMT:utility.obj
 0001:00002eb0       __scrt_dllmain_crt_thread_attach 0000000180003eb0 f   LIBCMT:utility.obj
 0001:00002ed8       __scrt_dllmain_crt_thread_detach 0000000180003ed8 f   LIBCMT:utility.obj
 0001:00002ef0       __scrt_dllmain_exception_filter 0000000180003ef0 f   LIBCMT:utility.obj
 0001:00002f50       __scrt_dllmain_uninitialize_c 0000000180003f50 f   LIBCMT:utility.obj
 0001:00002f80       __scrt_dllmain_uninitialize_critical 0000000180003f80 f   LIBCMT:utility.obj
 0001:00002f94       __scrt_initialize_crt      0000000180003f94 f   LIBCMT:utility.obj
 0001:00002fe0       __scrt_initialize_onexit_tables 0000000180003fe0 f   LIBCMT:utility.obj
 0001:000030b8       __scrt_is_nonwritable_in_current_image 00000001800040b8 f   LIBCMT:utility.obj
 0001:00003154       __scrt_release_startup_lock 0000000180004154 f   LIBCMT:utility.obj
 0001:00003178       __scrt_uninitialize_crt    0000000180004178 f   LIBCMT:utility.obj
 0001:000031a4       _onexit                    00000001800041a4 f   LIBCMT:utility.obj
 0001:000031f4       atexit                     00000001800041f4 f   LIBCMT:utility.obj
 0001:0000320c       __crt_debugger_hook        000000018000420c f   LIBCMT:utility_desktop.obj
 0001:00003214       __scrt_fastfail            0000000180004214 f   LIBCMT:utility_desktop.obj
 0001:00003360       _guard_check_icall_nop     0000000180004360 f i LIBCMT:guard_support.obj
 0001:00003364       ??0bad_array_new_length@std@@QEAA@AEBV01@@Z 0000000180004364 f i LIBCMT:throw_bad_alloc.obj
 0001:000033a4       ??0bad_array_new_length@std@@QEAA@XZ 00000001800043a4 f i LIBCMT:throw_bad_alloc.obj
 0001:000033c4       ?__scrt_throw_std_bad_alloc@@YAXXZ 00000001800043c4 f   LIBCMT:throw_bad_alloc.obj
 0001:000033e4       ?__scrt_throw_std_bad_array_new_length@@YAXXZ 00000001800043e4 f   LIBCMT:throw_bad_alloc.obj
 0001:00003404       __security_init_cookie     0000000180004404 f   LIBCMT:gs_support.obj
 0001:000034b0       DllMain                    00000001800044b0 f   LIBCMT:dll_dllmain_stub.obj
 0001:000034b0       _get_startup_argv_mode     00000001800044b0 f   LIBCMT:argv_mode.obj
 0001:000034b8       ?__scrt_initialize_type_info@@YAXXZ 00000001800044b8 f   LIBCMT:tncleanup.obj
 0001:000034c8       ?__scrt_uninitialize_type_info@@YAXXZ 00000001800044c8 f   LIBCMT:tncleanup.obj
 0001:000034d4       __local_stdio_scanf_options 00000001800044d4 f i LIBCMT:default_local_stdio_options.obj
 0001:000034dc       __scrt_initialize_default_local_stdio_options 00000001800044dc f   LIBCMT:default_local_stdio_options.obj
 0001:000034f8       __scrt_get_dyn_tls_init_callback 00000001800044f8 f   LIBCMT:dyn_tls_init.obj
 0001:00003500       _RTC_Initialize            0000000180004500 f   LIBCMT:initsect.obj
 0001:0000353c       _RTC_Terminate             000000018000453c f   LIBCMT:initsect.obj
 0001:00003578       __isa_available_init       0000000180004578 f   LIBCMT:cpu_disp.obj
 0001:000036f4       __scrt_is_ucrt_dll_in_use  00000001800046f4 f   LIBCMT:ucrt_detection.obj
 0001:00003700       __std_exception_copy       0000000180004700 f   libvcruntime:std_exception.obj
 0001:00003790       __std_exception_destroy    0000000180004790 f   libvcruntime:std_exception.obj
 0001:000037b8       _CxxThrowException         00000001800047b8 f   libvcruntime:throw.obj
 0001:00003878       __DestructExceptionObject  0000000180004878 f   libvcruntime:ehhelpers.obj
 0001:000038ec       ?_CallMemberFunction0@@YAXQEAX0@Z 00000001800048ec f i libvcruntime:ehhelpers.obj
 0001:000038f0       _IsExceptionObjectToBeDestroyed 00000001800048f0 f   libvcruntime:ehhelpers.obj
 0001:00003920       __AdjustPointer            0000000180004920 f   libvcruntime:ehhelpers.obj
 0001:00003944       __FrameUnwindFilter        0000000180004944 f   libvcruntime:ehhelpers.obj
 0001:00003990       __std_terminate            0000000180004990 f   libvcruntime:ehhelpers.obj
 0001:0000399c       ??$_CallSETranslator@V__FrameHandler3@@@@YAHPEAUEHExceptionRecord@@PEA_KPEAU_CONTEXT@@PEAU_xDISPATCHER_CONTEXT@@PEBU_s_FuncInfo@@K1@Z 000000018000499c f i libvcruntime:risctrnsctrl.obj
 0001:000039f0       ?CatchTryBlock@__FrameHandler3@@SAPEBU_s_TryBlockMapEntry@@PEBU_s_FuncInfo@@H@Z 00000001800049f0 f   libvcruntime:risctrnsctrl.obj
 0001:00003a48       ?ExecutionInCatch@__FrameHandler3@@SA_NPEAU_xDISPATCHER_CONTEXT@@PEBU_s_FuncInfo@@@Z 0000000180004a48 f   libvcruntime:risctrnsctrl.obj
 0001:00003a74       ?FrameUnwindToEmptyState@__FrameHandler3@@SAXPEA_KPEAU_xDISPATCHER_CONTEXT@@PEBU_s_FuncInfo@@@Z 0000000180004a74 f   libvcruntime:risctrnsctrl.obj
 0001:00003ad8       ?GetEstablisherFrame@__FrameHandler3@@SAPEA_KPEA_KPEAU_xDISPATCHER_CONTEXT@@PEBU_s_FuncInfo@@0@Z 0000000180004ad8 f   libvcruntime:risctrnsctrl.obj
 0001:00003ba4       ?GetRangeOfTrysToCheck@__FrameHandler3@@SA?AU?$pair@Viterator@TryBlockMap@__FrameHandler3@@V123@@std@@AEAVTryBlockMap@1@HH@Z 0000000180004ba4 f   libvcruntime:risctrnsctrl.obj
 0001:00003d00       ?UnwindNestedFrames@__FrameHandler3@@SAXPEA_KPEAUEHExceptionRecord@@PEAU_CONTEXT@@0PEAXPEBU_s_FuncInfo@@HHPEBU_s_HandlerType@@PEAU_xDISPATCHER_CONTEXT@@E@Z 0000000180004d00 f   libvcruntime:risctrnsctrl.obj
 0001:00003e24       _CreateFrameInfo           0000000180004e24 f   libvcruntime:risctrnsctrl.obj
 0001:00003e60       _FindAndUnlinkFrame        0000000180004e60 f   libvcruntime:risctrnsctrl.obj
 0001:00003eb4       _GetImageBase              0000000180004eb4 f   libvcruntime:risctrnsctrl.obj
 0001:00003ec8       _GetThrowImageBase         0000000180004ec8 f   libvcruntime:risctrnsctrl.obj
 0001:00003edc       _SetImageBase              0000000180004edc f   libvcruntime:risctrnsctrl.obj
 0001:00003ef4       _SetThrowImageBase         0000000180004ef4 f   libvcruntime:risctrnsctrl.obj
 0001:00003f0c       __CxxFrameHandler3         0000000180004f0c f   libvcruntime:risctrnsctrl.obj
 0001:00003f8c       __C_specific_handler       0000000180004f8c f   libvcruntime:riscchandler.obj
 0001:00004198       __vcrt_initialize          0000000180005198 f   libvcruntime:initialization.obj
 0001:000041cc       __vcrt_thread_attach       00000001800051cc f   libvcruntime:initialization.obj
 0001:000041e0       __vcrt_thread_detach       00000001800051e0 f   libvcruntime:initialization.obj
 0001:000041f4       __vcrt_uninitialize        00000001800051f4 f   libvcruntime:initialization.obj
 0001:00004214       __vcrt_uninitialize_critical 0000000180005214 f   libvcruntime:initialization.obj
 0001:00004240       memset_repmovs             0000000180005240 f   libvcruntime:memset.obj
 0001:00004260       memset                     0000000180005260 f   libvcruntime:memset.obj
 0001:000043f0       __std_type_info_compare    00000001800053f0 f   libvcruntime:std_type_info.obj
 0001:00004418       __std_type_info_destroy_list 0000000180005418 f   libvcruntime:std_type_info.obj
 0001:00004444       __vcrt_freefls             0000000180005444 f   libvcruntime:per_thread_data.obj
 0001:00004464       __vcrt_freeptd             0000000180005464 f   libvcruntime:per_thread_data.obj
 0001:000044b4       __vcrt_getptd              00000001800054b4 f   libvcruntime:per_thread_data.obj
 0001:000044d0       __vcrt_getptd_noexit       00000001800054d0 f   libvcruntime:per_thread_data.obj
 0001:0000459c       __vcrt_initialize_ptd      000000018000559c f   libvcruntime:per_thread_data.obj
 0001:000045f0       __vcrt_uninitialize_ptd    00000001800055f0 f   libvcruntime:per_thread_data.obj
 0001:00004614       ?GetCurrentState@__FrameHandler3@@SAHPEA_KPEAU_xDISPATCHER_CONTEXT@@PEBU_s_FuncInfo@@@Z 0000000180005614 f   libvcruntime:ehstate.obj
 0001:0000463c       ?GetUnwindTryBlock@__FrameHandler3@@SAHPEA_KPEAU_xDISPATCHER_CONTEXT@@PEBU_s_FuncInfo@@@Z 000000018000563c f   libvcruntime:ehstate.obj
 0001:00004668       ?SetState@__FrameHandler3@@SAXPEA_KPEBU_s_FuncInfo@@H@Z 0000000180005668 f   libvcruntime:ehstate.obj
 0001:00004674       ?SetUnwindTryBlock@__FrameHandler3@@SAXPEA_KPEAU_xDISPATCHER_CONTEXT@@PEBU_s_FuncInfo@@H@Z 0000000180005674 f   libvcruntime:ehstate.obj
 0001:000046b0       ?StateFromControlPc@__FrameHandler3@@SAHPEBU_s_FuncInfo@@PEAU_xDISPATCHER_CONTEXT@@@Z 00000001800056b0 f   libvcruntime:ehstate.obj
 0001:000046b8       ?StateFromIp@__FrameHandler3@@SAHPEBU_s_FuncInfo@@PEAU_xDISPATCHER_CONTEXT@@_K@Z 00000001800056b8 f   libvcruntime:ehstate.obj
 0001:00005144       ??$TypeMatchHelper@V__FrameHandler3@@@@YAHPEBU_s_HandlerType@@PEBU_s_CatchableType@@PEBU_s_ThrowInfo@@@Z 0000000180006144 f i libvcruntime:frame.obj
 0001:00005288       ??$__InternalCxxFrameHandler@V__FrameHandler3@@@@YA?AW4_EXCEPTION_DISPOSITION@@PEAUEHExceptionRecord@@PEA_KPEAU_CONTEXT@@PEAU_xDISPATCHER_CONTEXT@@PEBU_s_FuncInfo@@H1E@Z 0000000180006288 f i libvcruntime:frame.obj
 0001:000054d0       ??0bad_exception@std@@QEAA@AEBV01@@Z 00000001800064d0 f i libvcruntime:frame.obj
 0001:00005510       ??0bad_exception@std@@QEAA@XZ 0000000180006510 f i libvcruntime:frame.obj
 0001:00005530       ?CxxCallCatchBlock@__FrameHandler3@@SAPEAXPEAU_EXCEPTION_RECORD@@@Z 0000000180006530 f   libvcruntime:frame.obj
 0001:000057a4       ?FrameUnwindToState@__FrameHandler3@@SAXPEA_KPEAU_xDISPATCHER_CONTEXT@@PEBU_s_FuncInfo@@H@Z 00000001800067a4 f   libvcruntime:frame.obj
 0001:00005938       ?GetHandlerSearchState@__FrameHandler3@@SAHPEA_KPEAU_xDISPATCHER_CONTEXT@@PEBU_s_FuncInfo@@@Z 0000000180006938 f i libvcruntime:frame.obj
 0001:00005b3c       ?_CallMemberFunction1@@YAXQEAX00@Z 0000000180006b3c f i libvcruntime:frame.obj
 0001:00005b48       ?_CallMemberFunction2@@YAXQEAX00H@Z 0000000180006b48 f i libvcruntime:frame.obj
 0001:00005b70       _NLG_Notify                0000000180006b70 f   libvcruntime:notify.obj
 0001:00005b90       __NLG_Dispatch2            0000000180006b90 f   libvcruntime:notify.obj
 0001:00005ba0       __NLG_Return2              0000000180006ba0 f   libvcruntime:notify.obj
 0001:00005ba4       __except_validate_context_record 0000000180006ba4 f   libvcruntime:jbcxrval.obj
 0001:00005bdc       __vcrt_initialize_locks    0000000180006bdc f   libvcruntime:locks.obj
 0001:00005c24       __vcrt_uninitialize_locks  0000000180006c24 f   libvcruntime:locks.obj
 0001:00005e34       __vcrt_FlsAlloc            0000000180006e34 f   libvcruntime:winapi_downlevel.obj
 0001:00005e7c       __vcrt_FlsFree             0000000180006e7c f   libvcruntime:winapi_downlevel.obj
 0001:00005ec4       __vcrt_FlsGetValue         0000000180006ec4 f   libvcruntime:winapi_downlevel.obj
 0001:00005f0c       __vcrt_FlsSetValue         0000000180006f0c f   libvcruntime:winapi_downlevel.obj
 0001:00005f60       __vcrt_InitializeCriticalSectionEx 0000000180006f60 f   libvcruntime:winapi_downlevel.obj
 0001:00005fc4       __vcrt_initialize_winapi_thunks 0000000180006fc4 f   libvcruntime:winapi_downlevel.obj
 0001:00005ff4       __vcrt_uninitialize_winapi_thunks 0000000180006ff4 f   libvcruntime:winapi_downlevel.obj
 0001:00006034       __vcrt_initialize_pure_virtual_call_handler 0000000180007034 f   libvcruntime:purevirt_data.obj
 0001:00006060       _CallSettingFrame          0000000180007060 f   libvcruntime:handlers.obj
 0001:000060b0       _CallSettingFrameEncoded   00000001800070b0 f   libvcruntime:handlers.obj
 0001:00006110       memcpy_repmovs             0000000180007110 f   libvcruntime:memcpy.obj
 0001:00006130       memcpy                     0000000180007130 f   libvcruntime:memcpy.obj
 0001:00006130       memmove                    0000000180007130 f   libvcruntime:memcpy.obj
 0001:00006558       __acrt_initialize_stdio    0000000180007558 f   libucrt:_file.obj
 0001:00006678       __acrt_iob_func            0000000180007678 f   libucrt:_file.obj
 0001:0000668c       __acrt_uninitialize_stdio  000000018000768c f   libucrt:_file.obj
 0001:000066e8       _lock_file                 00000001800076e8 f   libucrt:_file.obj
 0001:000066f4       _unlock_file               00000001800076f4 f   libucrt:_file.obj
 0001:00006740       ??$ensure_buffer_is_big_enough@D@formatting_buffer@__crt_stdio_output@@QEAA_N_K@Z 0000000180007740 f i libucrt:output.obj
 0001:000067e8       ??$type_case_integer_parse_into_buffer@I@?$output_processor@DV?$stream_output_adapter@D@__crt_stdio_output@@V?$standard_base@DV?$stream_output_adapter@D@__crt_stdio_output@@@2@@__crt_stdio_output@@AEAAXII_N@Z 00000001800077e8 f i libucrt:output.obj
 0001:00006878       ??$type_case_integer_parse_into_buffer@_K@?$output_processor@DV?$stream_output_adapter@D@__crt_stdio_output@@V?$standard_base@DV?$stream_output_adapter@D@__crt_stdio_output@@@2@@__crt_stdio_output@@AEAAX_KI_N@Z 0000000180007878 f i libucrt:output.obj
 0001:0000690c       ??$write_multiple_characters@V?$stream_output_adapter@D@__crt_stdio_output@@D@__crt_stdio_output@@YAXAEBV?$stream_output_adapter@D@0@DHQEAH@Z 000000018000790c f i libucrt:output.obj
 0001:00006998       ??0_LocaleUpdate@@QEAA@QEAU__crt_locale_pointers@@@Z 0000000180007998 f i libucrt:output.obj
 0001:00006b64       ?crop_zeroes@__crt_stdio_output@@YAXPEADQEAU__crt_locale_pointers@@@Z 0000000180007b64 f i libucrt:output.obj
 0001:00006bd0       ?force_decimal_point@__crt_stdio_output@@YAXPEADQEAU__crt_locale_pointers@@@Z 0000000180007bd0 f i libucrt:output.obj
 0001:00006c40       ?parse_int_from_format_string@?$output_processor@DV?$stream_output_adapter@D@__crt_stdio_output@@V?$standard_base@DV?$stream_output_adapter@D@__crt_stdio_output@@@2@@__crt_stdio_output@@AEAA_NQEAH@Z 0000000180007c40 f i libucrt:output.obj
 0001:00006ce4       ?process@?$output_processor@DV?$stream_output_adapter@D@__crt_stdio_output@@V?$standard_base@DV?$stream_output_adapter@D@__crt_stdio_output@@@2@@__crt_stdio_output@@QEAAHXZ 0000000180007ce4 f i libucrt:output.obj
 0001:00006efc       ?state_case_normal@?$output_processor@DV?$stream_output_adapter@D@__crt_stdio_output@@V?$standard_base@DV?$stream_output_adapter@D@__crt_stdio_output@@@2@@__crt_stdio_output@@AEAA_NXZ 0000000180007efc f i libucrt:output.obj
 0001:00006f6c       ?state_case_normal_tchar@?$output_processor@DV?$stream_output_adapter@D@__crt_stdio_output@@V?$standard_base@DV?$stream_output_adapter@D@__crt_stdio_output@@@2@@__crt_stdio_output@@AEAA_ND@Z 0000000180007f6c f i libucrt:output.obj
 0001:00007010       ?state_case_size@?$output_processor@DV?$stream_output_adapter@D@__crt_stdio_output@@V?$standard_base@DV?$stream_output_adapter@D@__crt_stdio_output@@@2@@__crt_stdio_output@@AEAA_NXZ 0000000180008010 f i libucrt:output.obj
 0001:00007184       ?state_case_type@?$output_processor@DV?$stream_output_adapter@D@__crt_stdio_output@@V?$standard_base@DV?$stream_output_adapter@D@__crt_stdio_output@@@2@@__crt_stdio_output@@AEAA_NXZ 0000000180008184 f i libucrt:output.obj
 0001:00007408       ?type_case_Z@?$output_processor@DV?$stream_output_adapter@D@__crt_stdio_output@@V?$standard_base@DV?$stream_output_adapter@D@__crt_stdio_output@@@2@@__crt_stdio_output@@AEAA_NXZ 0000000180008408 f i libucrt:output.obj
 0001:00007480       ?type_case_a@?$output_processor@DV?$stream_output_adapter@D@__crt_stdio_output@@V?$standard_base@DV?$stream_output_adapter@D@__crt_stdio_output@@@2@@__crt_stdio_output@@AEAA_NXZ 0000000180008480 f i libucrt:output.obj
 0001:0000763c       ?type_case_c_tchar@?$output_processor@DV?$stream_output_adapter@D@__crt_stdio_output@@V?$standard_base@DV?$stream_output_adapter@D@__crt_stdio_output@@@2@@__crt_stdio_output@@AEAA_ND@Z 000000018000863c f i libucrt:output.obj
 0001:000076f8       ?type_case_integer@?$output_processor@DV?$stream_output_adapter@D@__crt_stdio_output@@V?$standard_base@DV?$stream_output_adapter@D@__crt_stdio_output@@@2@@__crt_stdio_output@@AEAA_NI_N@Z 00000001800086f8 f i libucrt:output.obj
 0001:000078c0       ?type_case_n@?$output_processor@DV?$stream_output_adapter@D@__crt_stdio_output@@V?$standard_base@DV?$stream_output_adapter@D@__crt_stdio_output@@@2@@__crt_stdio_output@@AEAA_NXZ 00000001800088c0 f i libucrt:output.obj
 0001:0000799c       ?type_case_s@?$output_processor@DV?$stream_output_adapter@D@__crt_stdio_output@@V?$standard_base@DV?$stream_output_adapter@D@__crt_stdio_output@@@2@@__crt_stdio_output@@AEAA_NXZ 000000018000899c f i libucrt:output.obj
 0001:00007a34       ?validate_stream_is_ansi_if_required@?$__acrt_stdio_char_traits@D@@SA_NQEAU_iobuf@@@Z 0000000180008a34 f i libucrt:output.obj
 0001:00007ad0       ?write_stored_string_tchar@?$output_processor@DV?$stream_output_adapter@D@__crt_stdio_output@@V?$standard_base@DV?$stream_output_adapter@D@__crt_stdio_output@@@2@@__crt_stdio_output@@AEAA_ND@Z 0000000180008ad0 f i libucrt:output.obj
 0001:00007bf4       ?write_string_impl@?$output_adapter_common@DV?$stream_output_adapter@D@__crt_stdio_output@@@__crt_stdio_output@@IEBAXQEBDHQEAHAEAV__crt_deferred_errno_cache@@@Z 0000000180008bf4 f i libucrt:output.obj
 0001:00007cec       __stdio_common_vfprintf    0000000180008cec f   libucrt:output.obj
 0001:00007d78       __acrt_call_reportfault    0000000180008d78 f   libucrt:invalid_parameter.obj
 0001:00007ed4       __acrt_initialize_invalid_parameter_handler 0000000180008ed4 f   libucrt:invalid_parameter.obj
 0001:00007edc       _invalid_parameter         0000000180008edc f   libucrt:invalid_parameter.obj
 0001:00007f8c       _invalid_parameter_noinfo  0000000180008f8c f   libucrt:invalid_parameter.obj
 0001:00007fac       _invalid_parameter_noinfo_noreturn 0000000180008fac f   libucrt:invalid_parameter.obj
 0001:00007fdc       _invoke_watson             0000000180008fdc f   libucrt:invalid_parameter.obj
 0001:00008024       __ascii_stricmp            0000000180009024 f   libucrt:stricmp.obj
 0001:00008064       _stricmp                   0000000180009064 f   libucrt:stricmp.obj
 0001:000080ac       _stricmp_l                 00000001800090ac f   libucrt:stricmp.obj
 0001:00008160       __acrt_initialize_new_handler 0000000180009160 f   libucrt:new_handler.obj
 0001:00008168       _callnewh                  0000000180009168 f   libucrt:new_handler.obj
 0001:00008198       _query_new_handler         0000000180009198 f   libucrt:new_handler.obj
 0001:000081cc       malloc                     00000001800091cc f   libucrt:malloc.obj
 0001:000081d4       _initterm                  00000001800091d4 f   libucrt:initterm.obj
 0001:00008238       _initterm_e                0000000180009238 f   libucrt:initterm.obj
 0001:00008278       free                       0000000180009278 f   libucrt:free.obj
 0001:0000828c       _seh_filter_dll            000000018000928c f   libucrt:exception_filter.obj
 0001:000082a0       _seh_filter_exe            00000001800092a0 f   libucrt:exception_filter.obj
 0001:00008690       __acrt_initialize_thread_local_exit_callback 0000000180009690 f   libucrt:exit.obj
 0001:00008698       _cexit                     0000000180009698 f   libucrt:exit.obj
 0001:000086a8       _exit                      00000001800096a8 f   libucrt:exit.obj
 0001:000086b4       _is_c_termination_complete 00000001800096b4 f   libucrt:exit.obj
 0001:00008880       __acrt_allocate_buffer_for_argv 0000000180009880 f   libucrt:argv_parsing.obj
 0001:000088e0       _configure_narrow_argv     00000001800098e0 f   libucrt:argv_parsing.obj
 0001:00008c58       __dcrt_uninitialize_environments_nolock 0000000180009c58 f   libucrt:environment_initialization.obj
 0001:00008c90       _initialize_narrow_environment 0000000180009c90 f   libucrt:environment_initialization.obj
 0001:00008fd8       _crt_atexit                0000000180009fd8 f   libucrt:onexit.obj
 0001:00008fe8       _execute_onexit_table      0000000180009fe8 f   libucrt:onexit.obj
 0001:00009024       _initialize_onexit_table   000000018000a024 f   libucrt:onexit.obj
 0001:0000904c       _register_onexit_function  000000018000a04c f   libucrt:onexit.obj
 0001:000090cc       __acrt_uninitialize_command_line 000000018000a0cc f   libucrt:argv_data.obj
 0001:000091c4       __acrt_initialize          000000018000a1c4 f   libucrt:initialization.obj
 0001:000091d8       __acrt_thread_attach       000000018000a1d8 f   libucrt:initialization.obj
 0001:000091ec       __acrt_thread_detach       000000018000a1ec f   libucrt:initialization.obj
 0001:000091fc       __acrt_uninitialize        000000018000a1fc f   libucrt:initialization.obj
 0001:00009234       __acrt_uninitialize_critical 000000018000a234 f   libucrt:initialization.obj
 0001:00009244       terminate                  000000018000a244 f   libucrt:terminate.obj
 0001:00009264       strcpy_s                   000000018000a264 f   libucrt:strcpy_s.obj
 0001:000092c4       abort                      000000018000a2c4 f   libucrt:abort.obj
 0001:0000931c       calloc                     000000018000a31c f   libucrt:calloc.obj
 0001:00009324       wcsncmp                    000000018000a324 f   libucrt:wcsncmp.obj
 0001:00009350       ??$parse_integer@KV?$c_string_character_source@D@__crt_strtox@@@__crt_strtox@@YAKQEAU__crt_locale_pointers@@V?$c_string_character_source@D@0@H_N@Z 000000018000a350 f i libucrt:atox.obj
 0001:000096a0       strncmp                    000000018000a6a0 f   libucrt:strncmp.obj
 0001:00009720       __acrt_errno_from_os_error 000000018000a720 f   libucrt:errno.obj
 0001:00009768       __acrt_errno_map_os_error  000000018000a768 f   libucrt:errno.obj
 0001:000097b8       __doserrno                 000000018000a7b8 f   libucrt:errno.obj
 0001:000097d8       _errno                     000000018000a7d8 f   libucrt:errno.obj
 0001:000097f8       _calloc_base               000000018000a7f8 f   libucrt:calloc_base.obj
 0001:00009870       _free_base                 000000018000a870 f   libucrt:free_base.obj
 0001:00009a88       __acrt_AppPolicyGetProcessTerminationMethodInternal 000000018000aa88 f   libucrt:winapi_thunks.obj
 0001:00009ad8       __acrt_AreFileApisANSI     000000018000aad8 f   libucrt:winapi_thunks.obj
 0001:00009b14       __acrt_FlsAlloc            000000018000ab14 f   libucrt:winapi_thunks.obj
 0001:00009b5c       __acrt_FlsFree             000000018000ab5c f   libucrt:winapi_thunks.obj
 0001:00009ba4       __acrt_FlsGetValue         000000018000aba4 f   libucrt:winapi_thunks.obj
 0001:00009bec       __acrt_FlsSetValue         000000018000abec f   libucrt:winapi_thunks.obj
 0001:00009c40       __acrt_InitializeCriticalSectionEx 000000018000ac40 f   libucrt:winapi_thunks.obj
 0001:00009ca4       __acrt_LCMapStringEx       000000018000aca4 f   libucrt:winapi_thunks.obj
 0001:00009d80       __acrt_LocaleNameToLCID    000000018000ad80 f   libucrt:winapi_thunks.obj
 0001:00009dd0       __acrt_initialize_winapi_thunks 000000018000add0 f   libucrt:winapi_thunks.obj
 0001:00009e04       __acrt_uninitialize_winapi_thunks 000000018000ae04 f   libucrt:winapi_thunks.obj
 0001:00009e48       _fcloseall                 000000018000ae48 f   libucrt:closeall.obj
 0001:0000a0d8       __acrt_stdio_flush_nolock  000000018000b0d8 f   libucrt:fflush.obj
 0001:0000a154       _fflush_nolock             000000018000b154 f   libucrt:fflush.obj
 0001:0000a1a0       _flushall                  000000018000b1a0 f   libucrt:fflush.obj
 0001:0000a1a8       __acrt_stdio_free_buffer_nolock 000000018000b1a8 f   libucrt:_freebuf.obj
 0001:0000a3e4       __acrt_initialize_lowio    000000018000b3e4 f   libucrt:ioinit.obj
 0001:0000a420       __acrt_uninitialize_lowio  000000018000b420 f   libucrt:ioinit.obj
 0001:0000a460       isdigit                    000000018000b460 f i libucrt:_ctype.obj
 0001:0000a554       _tolower_l                 000000018000b554 f   libucrt:tolower_toupper.obj
 0001:0000a694       tolower                    000000018000b694 f   libucrt:tolower_toupper.obj
 0001:0000a6c0       _malloc_base               000000018000b6c0 f   libucrt:malloc_base.obj
 0001:0000a720       strtol                     000000018000b720 f   libucrt:strtox.obj
 0001:0000a74c       _mbtowc_l                  000000018000b74c f   libucrt:mbtowc.obj
 0001:0000a8c8       mbtowc                     000000018000b8c8 f   libucrt:mbtowc.obj
 0001:0000a8d0       _wctomb_s_l                000000018000b8d0 f   libucrt:wctomb.obj
 0001:0000aa70       wctomb_s                   000000018000ba70 f   libucrt:wctomb.obj
 0001:0000aa84       strnlen                    000000018000ba84 f   libucrt:strnlen.obj
 0001:0000abd4       wcsnlen                    000000018000bbd4 f   libucrt:strnlen.obj
 0001:0000b124       __acrt_freeptd             000000018000c124 f   libucrt:per_thread_data.obj
 0001:0000b168       __acrt_getptd              000000018000c168 f   libucrt:per_thread_data.obj
 0001:0000b23c       __acrt_getptd_head         000000018000c23c f   libucrt:per_thread_data.obj
 0001:0000b2e4       __acrt_getptd_noexit       000000018000c2e4 f   libucrt:per_thread_data.obj
 0001:0000b3b0       __acrt_initialize_ptd      000000018000c3b0 f   libucrt:per_thread_data.obj
 0001:0000b3ec       __acrt_uninitialize_ptd    000000018000c3ec f   libucrt:per_thread_data.obj
 0001:0000b410       __acrt_update_locale_info  000000018000c410 f   libucrt:locale_update.obj
 0001:0000b444       __acrt_update_multibyte_info 000000018000c444 f   libucrt:locale_update.obj
 0001:0000be4c       __acrt_fp_format           000000018000ce4c f   libucrt:cvt.obj
 0001:0000c0d4       _fileno                    000000018000d0d4 f   libucrt:fileno.obj
 0001:0000c0fc       _fputc_nolock              000000018000d0fc f   libucrt:fputc.obj
 0001:0000c114       _get_printf_count_output   000000018000d114 f   libucrt:printf_count_output.obj
 0001:0000c12c       __acrt_stdio_begin_temporary_buffering_nolock 000000018000d12c f   libucrt:_sftbuf.obj
 0001:0000c1fc       __acrt_stdio_end_temporary_buffering_nolock 000000018000d1fc f   libucrt:_sftbuf.obj
 0001:0000c2a8       __acrt_set_locale_changed  000000018000d2a8 f   libucrt:wsetlocale.obj
 0001:0000c2b4       __acrt_uninitialize_locale 000000018000d2b4 f   libucrt:wsetlocale.obj
 0001:0000c2e4       __acrt_initialize_locks    000000018000d2e4 f   libucrt:locks.obj
 0001:0000c32c       __acrt_lock                000000018000d32c f   libucrt:locks.obj
 0001:0000c348       __acrt_uninitialize_locks  000000018000d348 f   libucrt:locks.obj
 0001:0000c380       __acrt_unlock              000000018000d380 f   libucrt:locks.obj
 0001:0000c39c       __acrt_get_process_end_policy 000000018000d39c f   libucrt:win_policies.obj
 0001:0000c3ec       ??$__acrt_mbs_to_wcs_cp@U__crt_win32_buffer_internal_dynamic_resizing@@@@YAHQEBDAEAV?$__crt_win32_buffer@_WU__crt_win32_buffer_internal_dynamic_resizing@@@@I@Z 000000018000d3ec f i libucrt:argv_wildcards.obj
 0001:0000c564       ??$__acrt_wcs_to_mbs_cp@U__crt_win32_buffer_internal_dynamic_resizing@@@@YAHQEB_WAEAV?$__crt_win32_buffer@DU__crt_win32_buffer_internal_dynamic_resizing@@@@I@Z 000000018000d564 f i libucrt:argv_wildcards.obj
 0001:0000cd94       __acrt_expand_narrow_argv_wildcards 000000018000dd94 f   libucrt:argv_wildcards.obj
 0001:0000cd9c       ??$__acrt_wcs_to_mbs_cp@U__crt_win32_buffer_no_resizing@@@@YAHQEB_WAEAV?$__crt_win32_buffer@DU__crt_win32_buffer_no_resizing@@@@I@Z 000000018000dd9c f i libucrt:getmodulefilenamea.obj
 0001:0000ceb0       __acrt_GetModuleFileNameA  000000018000deb0 f   libucrt:getmodulefilenamea.obj
 0001:0000d6fc       __acrt_initialize_multibyte 000000018000e6fc f   libucrt:mbctype.obj
 0001:0000d75c       __acrt_update_thread_multibyte_data 000000018000e75c f   libucrt:mbctype.obj
 0001:0000d778       _setmbcp_nolock            000000018000e778 f   libucrt:mbctype.obj
 0001:0000daac       _ismbblead                 000000018000eaac f   libucrt:ismbbyte.obj
 0001:0000dac0       __acrt_initialize_command_line 000000018000eac0 f   libucrt:argv_data.obj
 0001:0000dae8       __acrt_MultiByteToWideChar 000000018000eae8 f   libucrt:multibytetowidechar.obj
 0001:0000db44       __acrt_WideCharToMultiByte 000000018000eb44 f   libucrt:widechartomultibyte.obj
 0001:0000dbdc       __dcrt_get_narrow_environment_from_os 000000018000ebdc f   libucrt:get_environment_from_os.obj
 0001:0000dce0       _recalloc_base             000000018000ece0 f   libucrt:recalloc.obj
 0001:0000dd78       __acrt_initialize_heap     000000018000ed78 f   libucrt:heap_handle.obj
 0001:0000dd94       __acrt_uninitialize_heap   000000018000ed94 f   libucrt:heap_handle.obj
 0001:0000dda0       __acrt_execute_initializers 000000018000eda0 f   libucrt:shared_initialization.obj
 0001:0000de20       __acrt_execute_uninitializers 000000018000ee20 f   libucrt:shared_initialization.obj
 0001:0000dea4       __acrt_get_sigabrt_handler 000000018000eea4 f   libucrt:signal.obj
 0001:0000ded4       __acrt_initialize_signal_handlers 000000018000eed4 f   libucrt:signal.obj
 0001:0000def4       raise                      000000018000eef4 f   libucrt:signal.obj
 0001:0000e160       __acrt_has_user_matherr    000000018000f160 f   libucrt:matherr.obj
 0001:0000e180       __acrt_initialize_user_matherr 000000018000f180 f   libucrt:matherr.obj
 0001:0000e188       __acrt_invoke_user_matherr 000000018000f188 f   libucrt:matherr.obj
 0001:0000e1b8       __pctype_func              000000018000f1b8 f   libucrt:ctype.obj
 0001:0000e1e8       _isctype_l                 000000018000f1e8 f   libucrt:isctype.obj
 0001:0000e2f8       _query_new_mode            000000018000f2f8 f   libucrt:new_mode.obj
 0001:0000e3e8       __acrt_DownlevelLocaleNameToLCID 000000018000f3e8 f   libucrt:lcidtoname_downlevel.obj
 0001:0000e41c       _fclose_nolock             000000018000f41c f   libucrt:fclose.obj
 0001:0000e4a0       fclose                     000000018000f4a0 f   libucrt:fclose.obj
 0001:0000e590       _commit                    000000018000f590 f   libucrt:commit.obj
 0001:0000ee90       _write                     000000018000fe90 f   libucrt:write.obj
 0001:0000ef7c       _write_nolock              000000018000ff7c f   libucrt:write.obj
 0001:0000f258       __acrt_lowio_create_handle_array 0000000180010258 f   libucrt:osfinfo.obj
 0001:0000f300       __acrt_lowio_destroy_handle_array 0000000180010300 f   libucrt:osfinfo.obj
 0001:0000f350       __acrt_lowio_ensure_fh_exists 0000000180010350 f   libucrt:osfinfo.obj
 0001:0000f3f8       __acrt_lowio_lock_fh       00000001800103f8 f   libucrt:osfinfo.obj
 0001:0000f420       __acrt_lowio_unlock_fh     0000000180010420 f   libucrt:osfinfo.obj
 0001:0000f448       _free_osfhnd               0000000180010448 f   libucrt:osfinfo.obj
 0001:0000f504       _get_osfhandle             0000000180010504 f   libucrt:osfinfo.obj
 0001:0000f57c       _isleadbyte_l              000000018001057c f i libucrt:_wctype.obj
 0001:0000f8e0       __acrt_LCMapStringA        00000001800108e0 f   libucrt:lcmapstringa.obj
 0001:0000f978       ?__mbrtowc_utf8@__crt_mbstring@@YA_KPEA_WPEBD_KPEAU_Mbstatet@@@Z 0000000180010978 f   libucrt:mbrtowc.obj
 0001:0000f9b4       ?__mbsrtowcs_utf8@__crt_mbstring@@YA_KPEA_WPEAPEBD_KPEAU_Mbstatet@@@Z 00000001800109b4 f   libucrt:mbrtowc.obj
 0001:0000fb2c       ?__c32rtomb_utf8@__crt_mbstring@@YA_KPEAD_UPEAU_Mbstatet@@@Z 0000000180010b2c f   libucrt:c32rtomb.obj
 0001:0000fbe4       __acrt_add_locale_ref      0000000180010be4 f   libucrt:locale_refcounting.obj
 0001:0000fc70       __acrt_free_locale         0000000180010c70 f   libucrt:locale_refcounting.obj
 0001:0000fde8       __acrt_locale_add_lc_time_reference 0000000180010de8 f   libucrt:locale_refcounting.obj
 0001:0000fe10       __acrt_locale_free_lc_time_if_unreferenced 0000000180010e10 f   libucrt:locale_refcounting.obj
 0001:0000fe48       __acrt_locale_release_lc_time_reference 0000000180010e48 f   libucrt:locale_refcounting.obj
 0001:0000fe70       __acrt_release_locale_ref  0000000180010e70 f   libucrt:locale_refcounting.obj
 0001:0000ff18       __acrt_update_thread_locale_data 0000000180010f18 f   libucrt:locale_refcounting.obj
 0001:0000ff88       _updatetlocinfoEx_nolock   0000000180010f88 f   libucrt:locale_refcounting.obj
 0001:0000fff0       __acrt_fp_strflt_to_string 0000000180010ff0 f   libucrt:_fptostr.obj
 0001:000100e0       ?divide@__crt_strtox@@YA_KAEAUbig_integer@1@AEBU21@@Z 00000001800110e0 f i libucrt:cfout.obj
 0001:0001050c       __acrt_fltout              000000018001150c f   libucrt:cfout.obj
 0001:00011924       __acrt_stdio_flush_and_write_narrow_nolock 0000000180012924 f   libucrt:_flsbuf.obj
 0001:00011a10       _isatty                    0000000180012a10 f   libucrt:isatty.obj
 0001:00011a70       __acrt_locale_free_monetary 0000000180012a70 f   libucrt:initmon.obj
 0001:00011b7c       __acrt_locale_free_numeric 0000000180012b7c f   libucrt:initnum.obj
 0001:00011c40       __acrt_locale_free_time    0000000180012c40 f   libucrt:inittime.obj
 0001:00011d48       __acrt_GetStringTypeA      0000000180012d48 f   libucrt:getstringtypea.obj
 0001:00011ee0       qsort                      0000000180012ee0 f   libucrt:qsort.obj
 0001:000122a0       strncpy_s                  00000001800132a0 f   libucrt:strncpy_s.obj
 0001:00012420       strpbrk                    0000000180013420 f   libucrt:strpbrk.obj
 0001:00012800       _mbsdec                    0000000180013800 f   libucrt:mbsdec.obj
 0001:00012808       _mbsdec_l                  0000000180013808 f   libucrt:mbsdec.obj
 0001:000128b4       _msize_base                00000001800138b4 f   libucrt:msize.obj
 0001:000128f0       _realloc_base              00000001800138f0 f   libucrt:realloc_base.obj
 0001:000129e0       _close                     00000001800139e0 f   libucrt:close.obj
 0001:00012a84       _close_nolock              0000000180013a84 f   libucrt:close.obj
 0001:00012b44       ?__acrt_stdio_free_stream@@YAXV__crt_stdio_stream@@@Z 0000000180013b44 f   libucrt:stream.obj
 0001:00012cec       _lseeki64                  0000000180013cec f   libucrt:lseek.obj
 0001:00012cf4       _lseeki64_nolock           0000000180013cf4 f   libucrt:lseek.obj
 0001:00012cfc       _putwch_nolock             0000000180013cfc f   libucrt:putwch.obj
 0001:00012d38       _query_app_type            0000000180013d38 f   libucrt:report_runtime_error.obj
 0001:00012d40       __strncnt                  0000000180013d40 f   libucrt:strncnt.obj
 0001:00012d58       ?__mbrtoc32_utf8@__crt_mbstring@@YA_KPEA_UPEBD_KPEAU_Mbstatet@@@Z 0000000180013d58 f   libucrt:mbrtoc32.obj
 0001:00012f34       fegetenv                   0000000180013f34 f   libucrt:fegetenv.obj
 0001:00012f54       fesetenv                   0000000180013f54 f   libucrt:fesetenv.obj
 0001:00012fa4       feholdexcept               0000000180013fa4 f   libucrt:feholdexcept.obj
 0001:00012ff4       ceil                       0000000180013ff4 f   libucrt:ceil.obj
 0001:000130c0       log10                      00000001800140c0 f   libucrt:log10.obj
 0001:0001366c       __acrt_stdio_allocate_buffer_nolock 000000018001466c f   libucrt:_getbuf.obj
 0001:000136d4       __dcrt_lowio_ensure_console_output_initialized 00000001800146d4 f   libucrt:initcon.obj
 0001:00013728       __dcrt_terminate_console_output 0000000180014728 f   libucrt:initcon.obj
 0001:00013744       __dcrt_write_console       0000000180014744 f   libucrt:initcon.obj
 0001:00013804       __acrt_fenv_get_control    0000000180014804 f   libucrt:_fenvutils.obj
 0001:000138f8       __acrt_fenv_get_status     00000001800148f8 f   libucrt:_fenvutils.obj
 0001:0001394c       __acrt_fenv_set_control    000000018001494c f   libucrt:_fenvutils.obj
 0001:00013a94       __acrt_fenv_set_status     0000000180014a94 f   libucrt:_fenvutils.obj
 0001:00013b18       _clearfp                   0000000180014b18 f   libucrt:ieee.obj
 0001:00013cac       _handle_error              0000000180014cac f   libucrt:libm_error.obj
 0001:00013dd4       _handle_nan                0000000180014dd4 f   libucrt:libm_error.obj
 0001:00013df0       __acrt_initialize_fma3     0000000180014df0 f   libucrt:fma3_available.obj
 0001:00013e60       _log10_special             0000000180014e60 f   libucrt:log_special.obj
 0001:00013f30       _get_fpsr                  0000000180014f30 f   libucrt:fpsr.obj
 0001:00013f40       _set_fpsr                  0000000180014f40 f   libucrt:fpsr.obj
 0001:00013f4a       _fclrf                     0000000180014f4a f   libucrt:fpsr.obj
 0001:00013f5e       _frnd                      0000000180014f5e f   libucrt:fpsr.obj
 0001:00013f80       _raise_exc                 0000000180014f80 f   libucrt:fpexcept.obj
 0001:00013fa8       _raise_exc_ex              0000000180014fa8 f   libucrt:fpexcept.obj
 0001:000142b8       _set_errno_from_matherr    00000001800152b8 f   libucrt:fpexcept.obj
 0001:000142e8       _clrfp                     00000001800152e8 f   libucrt:fpctrl.obj
 0001:00014308       _ctrlfp                    0000000180015308 f   libucrt:fpctrl.obj
 0001:00014384       _set_statfp                0000000180015384 f   libucrt:fpctrl.obj
 0001:000143a4       _statfp                    00000001800153a4 f   libucrt:fpctrl.obj
 0001:000143b5       IsProcessorFeaturePresent  00000001800153b5 f   kernel32:KERNEL32.dll
 0001:000143bc       ?DloadAcquireSectionWriteAccess@@YAXXZ 00000001800153bc f i DelayImp:delayhlp.obj
 0001:00014468       ?DloadGetSRWLockFunctionPointers@@YAEXZ 0000000180015468 f i DelayImp:delayhlp.obj
 0001:00014504       ?DloadMakePermanentImageCommit@@YAXPEAX_K@Z 0000000180015504 f i DelayImp:delayhlp.obj
 0001:0001459c       ?DloadObtainSection@@YAPEAXPEAK0@Z 000000018001559c f i DelayImp:delayhlp.obj
 0001:00014638       ?DloadProtectSection@@YAXKPEAK@Z 0000000180015638 f i DelayImp:delayhlp.obj
 0001:000146c8       ?DloadReleaseSectionWriteAccess@@YAXXZ 00000001800156c8 f i DelayImp:delayhlp.obj
 0001:0001475c       __delayLoadHelper2         000000018001575c f   DelayImp:delayhlp.obj
 0001:00014a1c       __GSHandlerCheck           0000000180015a1c f   LIBCMT:gshandler.obj
 0001:00014a3c       __GSHandlerCheckCommon     0000000180015a3c f   LIBCMT:gshandler.obj
 0001:00014aa0       _FindPESection             0000000180015aa0 f   LIBCMT:pesect.obj
 0001:00014af0       _IsNonwritableInCurrentImage 0000000180015af0 f   LIBCMT:pesect.obj
 0001:00014b40       _ValidateImageBase         0000000180015b40 f   LIBCMT:pesect.obj
 0001:00014b80       _alloca_probe              0000000180015b80 f   LIBCMT:chkstk.obj
 0001:00014b80       __chkstk                   0000000180015b80 f   LIBCMT:chkstk.obj
 0001:00014bd4       strrchr                    0000000180015bd4 f   libvcruntime:strrchr.obj
 0001:00014d30       memcmp                     0000000180015d30 f   libvcruntime:memcmp.obj
 0001:00014e10       _guard_dispatch_icall_nop  0000000180015e10 f   LIBCMT:guard_dispatch.obj
 0002:00000000       __imp_GetModuleHandleA     0000000180017000     kernel32:KERNEL32.dll
 0002:00000008       __imp_LoadLibraryExA       0000000180017008     kernel32:KERNEL32.dll
 0002:00000010       __imp_CloseHandle          0000000180017010     kernel32:KERNEL32.dll
 0002:00000018       __imp_EnterCriticalSection 0000000180017018     kernel32:KERNEL32.dll
 0002:00000020       __imp_LeaveCriticalSection 0000000180017020     kernel32:KERNEL32.dll
 0002:00000028       __imp_InitializeCriticalSectionAndSpinCount 0000000180017028     kernel32:KERNEL32.dll
 0002:00000030       __imp_DeleteCriticalSection 0000000180017030     kernel32:KERNEL32.dll
 0002:00000038       __imp_SetEvent             0000000180017038     kernel32:KERNEL32.dll
 0002:00000040       __imp_ResetEvent           0000000180017040     kernel32:KERNEL32.dll
 0002:00000048       __imp_WaitForSingleObjectEx 0000000180017048     kernel32:KERNEL32.dll
 0002:00000050       __imp_CreateEventW         0000000180017050     kernel32:KERNEL32.dll
 0002:00000058       __imp_GetModuleHandleW     0000000180017058     kernel32:KERNEL32.dll
 0002:00000060       __imp_GetProcAddress       0000000180017060     kernel32:KERNEL32.dll
 0002:00000068       __imp_RtlCaptureContext    0000000180017068     kernel32:KERNEL32.dll
 0002:00000070       __imp_RtlLookupFunctionEntry 0000000180017070     kernel32:KERNEL32.dll
 0002:00000078       __imp_RtlVirtualUnwind     0000000180017078     kernel32:KERNEL32.dll
 0002:00000080       __imp_UnhandledExceptionFilter 0000000180017080     kernel32:KERNEL32.dll
 0002:00000088       __imp_SetUnhandledExceptionFilter 0000000180017088     kernel32:KERNEL32.dll
 0002:00000090       __imp_GetCurrentProcess    0000000180017090     kernel32:KERNEL32.dll
 0002:00000098       __imp_TerminateProcess     0000000180017098     kernel32:KERNEL32.dll
 0002:000000a0       __imp_IsProcessorFeaturePresent 00000001800170a0     kernel32:KERNEL32.dll
 0002:000000a8       __imp_IsDebuggerPresent    00000001800170a8     kernel32:KERNEL32.dll
 0002:000000b0       __imp_GetStartupInfoW      00000001800170b0     kernel32:KERNEL32.dll
 0002:000000b8       __imp_QueryPerformanceCounter 00000001800170b8     kernel32:KERNEL32.dll
 0002:000000c0       __imp_GetCurrentProcessId  00000001800170c0     kernel32:KERNEL32.dll
 0002:000000c8       __imp_GetCurrentThreadId   00000001800170c8     kernel32:KERNEL32.dll
 0002:000000d0       __imp_GetSystemTimeAsFileTime 00000001800170d0     kernel32:KERNEL32.dll
 0002:000000d8       __imp_InitializeSListHead  00000001800170d8     kernel32:KERNEL32.dll
 0002:000000e0       __imp_RtlPcToFileHeader    00000001800170e0     kernel32:KERNEL32.dll
 0002:000000e8       __imp_RaiseException       00000001800170e8     kernel32:KERNEL32.dll
 0002:000000f0       __imp_RtlUnwindEx          00000001800170f0     kernel32:KERNEL32.dll
 0002:000000f8       __imp_InterlockedFlushSList 00000001800170f8     kernel32:KERNEL32.dll
 0002:00000100       __imp_GetLastError         0000000180017100     kernel32:KERNEL32.dll
 0002:00000108       __imp_SetLastError         0000000180017108     kernel32:KERNEL32.dll
 0002:00000110       __imp_EncodePointer        0000000180017110     kernel32:KERNEL32.dll
 0002:00000118       __imp_TlsAlloc             0000000180017118     kernel32:KERNEL32.dll
 0002:00000120       __imp_TlsGetValue          0000000180017120     kernel32:KERNEL32.dll
 0002:00000128       __imp_TlsSetValue          0000000180017128     kernel32:KERNEL32.dll
 0002:00000130       __imp_TlsFree              0000000180017130     kernel32:KERNEL32.dll
 0002:00000138       __imp_FreeLibrary          0000000180017138     kernel32:KERNEL32.dll
 0002:00000140       __imp_LoadLibraryExW       0000000180017140     kernel32:KERNEL32.dll
 0002:00000148       __imp_ExitProcess          0000000180017148     kernel32:KERNEL32.dll
 0002:00000150       __imp_GetModuleHandleExW   0000000180017150     kernel32:KERNEL32.dll
 0002:00000158       __imp_GetModuleFileNameW   0000000180017158     kernel32:KERNEL32.dll
 0002:00000160       __imp_HeapAlloc            0000000180017160     kernel32:KERNEL32.dll
 0002:00000168       __imp_HeapFree             0000000180017168     kernel32:KERNEL32.dll
 0002:00000170       __imp_LCMapStringW         0000000180017170     kernel32:KERNEL32.dll
 0002:00000178       __imp_GetStdHandle         0000000180017178     kernel32:KERNEL32.dll
 0002:00000180       __imp_GetFileType          0000000180017180     kernel32:KERNEL32.dll
 0002:00000188       __imp_FindClose            0000000180017188     kernel32:KERNEL32.dll
 0002:00000190       __imp_FindFirstFileExW     0000000180017190     kernel32:KERNEL32.dll
 0002:00000198       __imp_FindNextFileW        0000000180017198     kernel32:KERNEL32.dll
 0002:000001a0       __imp_IsValidCodePage      00000001800171a0     kernel32:KERNEL32.dll
 0002:000001a8       __imp_GetACP               00000001800171a8     kernel32:KERNEL32.dll
 0002:000001b0       __imp_GetOEMCP             00000001800171b0     kernel32:KERNEL32.dll
 0002:000001b8       __imp_GetCPInfo            00000001800171b8     kernel32:KERNEL32.dll
 0002:000001c0       __imp_GetCommandLineA      00000001800171c0     kernel32:KERNEL32.dll
 0002:000001c8       __imp_GetCommandLineW      00000001800171c8     kernel32:KERNEL32.dll
 0002:000001d0       __imp_MultiByteToWideChar  00000001800171d0     kernel32:KERNEL32.dll
 0002:000001d8       __imp_WideCharToMultiByte  00000001800171d8     kernel32:KERNEL32.dll
 0002:000001e0       __imp_GetEnvironmentStringsW 00000001800171e0     kernel32:KERNEL32.dll
 0002:000001e8       __imp_FreeEnvironmentStringsW 00000001800171e8     kernel32:KERNEL32.dll
 0002:000001f0       __imp_GetProcessHeap       00000001800171f0     kernel32:KERNEL32.dll
 0002:000001f8       __imp_FlushFileBuffers     00000001800171f8     kernel32:KERNEL32.dll
 0002:00000200       __imp_WriteFile            0000000180017200     kernel32:KERNEL32.dll
 0002:00000208       __imp_GetConsoleCP         0000000180017208     kernel32:KERNEL32.dll
 0002:00000210       __imp_GetConsoleMode       0000000180017210     kernel32:KERNEL32.dll
 0002:00000218       __imp_SetStdHandle         0000000180017218     kernel32:KERNEL32.dll
 0002:00000220       __imp_GetFileSizeEx        0000000180017220     kernel32:KERNEL32.dll
 0002:00000228       __imp_SetFilePointerEx     0000000180017228     kernel32:KERNEL32.dll
 0002:00000230       __imp_GetStringTypeW       0000000180017230     kernel32:KERNEL32.dll
 0002:00000238       __imp_HeapSize             0000000180017238     kernel32:KERNEL32.dll
 0002:00000240       __imp_HeapReAlloc          0000000180017240     kernel32:KERNEL32.dll
 0002:00000248       __imp_CreateFileW          0000000180017248     kernel32:KERNEL32.dll
 0002:00000250       __imp_WriteConsoleW        0000000180017250     kernel32:KERNEL32.dll
 0002:00000258       __imp_GetSystemInfo        0000000180017258     kernel32:KERNEL32.dll
 0002:00000260       __imp_VirtualProtect       0000000180017260     kernel32:KERNEL32.dll
 0002:00000268       __imp_VirtualQuery         0000000180017268     kernel32:KERNEL32.dll
 0002:00000270       \177KERNEL32_NULL_THUNK_DATA 0000000180017270     kernel32:KERNEL32.dll
 0002:00000278       __guard_check_icall_fptr   0000000180017278     LIBCMT:guard_support.obj
 0002:00000280       __guard_dispatch_icall_fptr 0000000180017280     LIBCMT:guard_support.obj
 0002:00000288       __xc_a                     0000000180017288     LIBCMT:initializers.obj
 0002:00000290       _register_addon_           0000000180017290     addon.obj
 0002:00000298       __xc_z                     0000000180017298     LIBCMT:initializers.obj
 0002:000002a0       __xi_a                     00000001800172a0     LIBCMT:initializers.obj
 0002:000002b0       __acrt_stdio_initializer   00000001800172b0     libucrt:stdio_initializer.obj
 0002:000002b8       __acrt_multibyte_initializer 00000001800172b8     libucrt:multibyte_initializer.obj
 0002:000002c0       __acrt_tran_fma3_initializer 00000001800172c0     libucrt:fma3_initializer.obj
 0002:000002c8       __xi_z                     00000001800172c8     LIBCMT:initializers.obj
 0002:000002d0       __xl_a                     00000001800172d0     LIBCMT:tlssup.obj
 0002:000002d8       __xl_z                     00000001800172d8     LIBCMT:tlssup.obj
 0002:000002e0       __xp_a                     00000001800172e0     LIBCMT:initializers.obj
 0002:000002e8       __acrt_locale_terminator   00000001800172e8     libucrt:locale_initializer.obj
 0002:000002f0       __dcrt_console_output_terminator 00000001800172f0     libucrt:console_output_initializer.obj
 0002:000002f8       __acrt_stdio_terminator    00000001800172f8     libucrt:stdio_initializer.obj
 0002:00000300       __xp_z                     0000000180017300     LIBCMT:initializers.obj
 0002:00000308       __xt_a                     0000000180017308     LIBCMT:initializers.obj
 0002:00000310       __xt_z                     0000000180017310     LIBCMT:initializers.obj
 0002:00000320       __sz_node_exe              0000000180017320     node:node.exe
 0002:00000338       ??_7exception@std@@6B@     0000000180017338     libcpmt:xthrow.obj
 0002:00000348       ??_C@_0BC@EOODALEL@Unknown?5exception@ 0000000180017348     libcpmt:xthrow.obj
 0002:00000368       ??_7bad_alloc@std@@6B@     0000000180017368     libcpmt:xthrow.obj
 0002:00000378       ??_C@_0P@GHFPNOJB@bad?5allocation@ 0000000180017378     libcpmt:xthrow.obj
 0002:00000390       ??_7logic_error@std@@6B@   0000000180017390     libcpmt:xthrow.obj
 0002:000003a8       ??_7length_error@std@@6B@  00000001800173a8     libcpmt:xthrow.obj
 0002:000003e0       ??_C@_1EC@JIJBPKFM@?$AAa?$AAp?$AAi?$AA?9?$AAm?$AAs?$AA?9?$AAw?$AAi?$AAn?$AA?9?$AAc?$AAo?$AAr?$AAe@ 00000001800173e0     LIBCMT:thread_safe_statics.obj
 0002:00000428       ??_C@_1BK@MGMFAEKH@?$AAk?$AAe?$AAr?$AAn?$AAe?$AAl?$AA3?$AA2?$AA?4?$AAd?$AAl?$AAl@ 0000000180017428     LIBCMT:thread_safe_statics.obj
 0002:00000448       ??_C@_0BM@HLJJNPAH@InitializeConditionVariable@ 0000000180017448     LIBCMT:thread_safe_statics.obj
 0002:00000468       ??_C@_0BJ@JEBJOJFJ@SleepConditionVariableCS@ 0000000180017468     LIBCMT:thread_safe_statics.obj
 0002:00000488       ??_C@_0BJ@PGPPEPCC@WakeAllConditionVariable@ 0000000180017488     LIBCMT:thread_safe_statics.obj
 0002:000004a8       _pDefaultRawDllMain        00000001800174a8     LIBCMT:dll_dllmain.obj
 0002:000004a8       _pRawDllMain               00000001800174a8     LIBCMT:dll_dllmain.obj
 0002:000004b8       ??_7type_info@@6B@         00000001800174b8     LIBCMT:std_type_info_static.obj
 0002:000004d8       ??_7bad_array_new_length@std@@6B@ 00000001800174d8     LIBCMT:throw_bad_alloc.obj
 0002:000004e8       ??_C@_0BF@KINCDENJ@bad?5array?5new?5length@ 00000001800174e8     LIBCMT:throw_bad_alloc.obj
 0002:00000540       _pDestructExceptionObject  0000000180017540     libvcruntime:ehhelpers.obj
 0002:000005f0       ??_7bad_exception@std@@6B@ 00000001800175f0     libvcruntime:frame.obj
 0002:00000600       ??_C@_0O@DPKOEFFH@bad?5exception@ 0000000180017600     libvcruntime:frame.obj
 0002:00000628       ??_C@_1DM@KHCHBNEB@?$AAa?$AAp?$AAi?$AA?9?$AAm?$AAs?$AA?9?$AAw?$AAi?$AAn?$AA?9?$AAc?$AAo?$AAr?$AAe@ 0000000180017628     libvcruntime:winapi_downlevel.obj
 0002:00000668       ??_C@_1DK@LPPGFMPP@?$AAa?$AAp?$AAi?$AA?9?$AAm?$AAs?$AA?9?$AAw?$AAi?$AAn?$AA?9?$AAc?$AAo?$AAr?$AAe@ 0000000180017668     libvcruntime:winapi_downlevel.obj
 0002:000006a8       ??_C@_1BC@GDMECMAK@?$AAk?$AAe?$AAr?$AAn?$AAe?$AAl?$AA3?$AA2@ 00000001800176a8     libvcruntime:winapi_downlevel.obj
 0002:000006c0       ??_C@_1BA@PFFKHIOG@?$AAa?$AAp?$AAi?$AA?9?$AAm?$AAs?$AA?9@ 00000001800176c0     libvcruntime:winapi_downlevel.obj
 0002:000006d0       ??_C@_1BA@IAIFMGEF@?$AAe?$AAx?$AAt?$AA?9?$AAm?$AAs?$AA?9@ 00000001800176d0     libvcruntime:winapi_downlevel.obj
 0002:000006e8       ??_C@_08KNHFBNJ@FlsAlloc@  00000001800176e8     libvcruntime:winapi_downlevel.obj
 0002:00000700       ??_C@_07PEJMOBNF@FlsFree@  0000000180017700     libvcruntime:winapi_downlevel.obj
 0002:00000710       ??_C@_0M@GDNOONDI@FlsGetValue@ 0000000180017710     libvcruntime:winapi_downlevel.obj
 0002:00000728       ??_C@_0M@JCPCPOEF@FlsSetValue@ 0000000180017728     libvcruntime:winapi_downlevel.obj
 0002:00000740       ??_C@_0BM@HCFOFFN@InitializeCriticalSectionEx@ 0000000180017740     libvcruntime:winapi_downlevel.obj
 0002:00000a98       ??_C@_08EHJDFFNH@__based?$CI@ 0000000180017a98     libvcruntime:undname.obj
 0002:00000aa8       ??_C@_07KOLFKCDI@__cdecl@  0000000180017aa8     libvcruntime:undname.obj
 0002:00000ab0       ??_C@_08GHMPAG@__pascal@   0000000180017ab0     libvcruntime:undname.obj
 0002:00000ac0       ??_C@_09IFJBGAPI@__stdcall@ 0000000180017ac0     libvcruntime:undname.obj
 0002:00000ad0       ??_C@_0L@NPHFGOKO@__thiscall@ 0000000180017ad0     libvcruntime:undname.obj
 0002:00000ae0       ??_C@_0L@JMKHOMEK@__fastcall@ 0000000180017ae0     libvcruntime:undname.obj
 0002:00000af0       ??_C@_0N@BCKKPABJ@__vectorcall@ 0000000180017af0     libvcruntime:undname.obj
 0002:00000b00       ??_C@_09HIJEGCPM@__clrcall@ 0000000180017b00     libvcruntime:undname.obj
 0002:00000b0c       ??_C@_06GHPCKEAG@__eabi@   0000000180017b0c     libvcruntime:undname.obj
 0002:00000b18       ??_C@_09IOPIDJLG@__swift_1@ 0000000180017b18     libvcruntime:undname.obj
 0002:00000b28       ??_C@_09KFNFGKHF@__swift_2@ 0000000180017b28     libvcruntime:undname.obj
 0002:00000b38       ??_C@_07JOMMBBKO@__ptr64@  0000000180017b38     libvcruntime:undname.obj
 0002:00000b40       ??_C@_0L@PILCLIHE@__restrict@ 0000000180017b40     libvcruntime:undname.obj
 0002:00000b50       ??_C@_0M@GFIIJFMG@__unaligned@ 0000000180017b50     libvcruntime:undname.obj
 0002:00000b60       ??_C@_09DHDLOLLB@restrict?$CI@ 0000000180017b60     libvcruntime:undname.obj
 0002:00000b6c       ??_C@_04NIHEBCM@?5new@     0000000180017b6c     libvcruntime:undname.obj
 0002:00000b78       ??_C@_07FPCDHGMM@?5delete@ 0000000180017b78     libvcruntime:undname.obj
 0002:00000b80       ??_C@_01NEMOKFLO@?$DN@     0000000180017b80     libvcruntime:undname.obj
 0002:00000b84       ??_C@_02GPIOPFAK@?$DO?$DO@ 0000000180017b84     libvcruntime:undname.obj
 0002:00000b88       ??_C@_02FODMEDOG@?$DM?$DM@ 0000000180017b88     libvcruntime:undname.obj
 0002:00000b8c       ??_C@_01DCLJPIOD@?$CB@     0000000180017b8c     libvcruntime:undname.obj
 0002:00000b90       ??_C@_02EGOFBIJA@?$DN?$DN@ 0000000180017b90     libvcruntime:undname.obj
 0002:00000b94       ??_C@_02FDNJECIE@?$CB?$DN@ 0000000180017b94     libvcruntime:undname.obj
 0002:00000b98       ??_C@_02GPECMEKF@?$FL?$FN@ 0000000180017b98     libvcruntime:undname.obj
 0002:00000ba0       ??_C@_08LHJFAFGD@operator@ 0000000180017ba0     libvcruntime:undname.obj
 0002:00000bac       ??_C@_02HBOOOICD@?9?$DO@   0000000180017bac     libvcruntime:undname.obj
 0002:00000bb0       ??_C@_01NBENCBCI@?$CK@     0000000180017bb0     libvcruntime:undname.obj
 0002:00000bb4       ??_C@_02ECNGHCIF@?$CL?$CL@ 0000000180017bb4     libvcruntime:undname.obj
 0002:00000bb8       ??_C@_02BAABKJLB@?9?9@     0000000180017bb8     libvcruntime:undname.obj
 0002:00000bbc       ??_C@_01JOAMLHOP@?9@       0000000180017bbc     libvcruntime:undname.obj
 0002:00000bc0       ??_C@_01MIFGBAGJ@?$CL@     0000000180017bc0     libvcruntime:undname.obj
 0002:00000bc4       ??_C@_01HNPIGOCE@?$CG@     0000000180017bc4     libvcruntime:undname.obj
 0002:00000bc8       ??_C@_03MNHNFDLC@?9?$DO?$CK@ 0000000180017bc8     libvcruntime:undname.obj
 0002:00000bcc       ??_C@_01KMDKNFGN@?1@       0000000180017bcc     libvcruntime:undname.obj
 0002:00000bd0       ??_C@_01FGNFDNOH@?$CF@     0000000180017bd0     libvcruntime:undname.obj
 0002:00000bd4       ??_C@_01MNNFJEPP@?$DM@     0000000180017bd4     libvcruntime:undname.obj
 0002:00000bd8       ??_C@_02EHCHHCKH@?$DM?$DN@ 0000000180017bd8     libvcruntime:undname.obj
 0002:00000bdc       ??_C@_01PPODPGHN@?$DO@     0000000180017bdc     libvcruntime:undname.obj
 0002:00000be0       ??_C@_02EEKDKGMJ@?$DO?$DN@ 0000000180017be0     libvcruntime:undname.obj
 0002:00000be4       ??_C@_01IHBHIGKO@?0@       0000000180017be4     libvcruntime:undname.obj
 0002:00000be8       ??_C@_02HCKGKOFO@?$CI?$CJ@ 0000000180017be8     libvcruntime:undname.obj
 0002:00000bec       ??_C@_01PJKLJHI@?$HO@      0000000180017bec     libvcruntime:undname.obj
 0002:00000bf0       ??_C@_01JKBOJNNK@?$FO@     0000000180017bf0     libvcruntime:undname.obj
 0002:00000bf4       ??_C@_01DNKMNLPK@?$HM@     0000000180017bf4     libvcruntime:undname.obj
 0002:00000bf8       ??_C@_02PPKAJPJL@?$CG?$CG@ 0000000180017bf8     libvcruntime:undname.obj
 0002:00000bfc       ??_C@_02NONPIBCD@?$HM?$HM@ 0000000180017bfc     libvcruntime:undname.obj
 0002:00000c00       ??_C@_02FPIMKNGF@?$CK?$DN@ 0000000180017c00     libvcruntime:undname.obj
 0002:00000c04       ??_C@_02FOEOMHFC@?$CL?$DN@ 0000000180017c04     libvcruntime:undname.obj
 0002:00000c08       ??_C@_02FKMDLLOA@?9?$DN@   0000000180017c08     libvcruntime:undname.obj
 0002:00000c0c       ??_C@_02FJEHGPIO@?1?$DN@   0000000180017c0c     libvcruntime:undname.obj
 0002:00000c10       ??_C@_02FENAOKFI@?$CF?$DN@ 0000000180017c10     libvcruntime:undname.obj
 0002:00000c14       ??_C@_03IKFCCPFF@?$DO?$DO?$DN@ 0000000180017c14     libvcruntime:undname.obj
 0002:00000c18       ??_C@_03CDNPDDLA@?$DM?$DM?$DN@ 0000000180017c18     libvcruntime:undname.obj
 0002:00000c1c       ??_C@_02FGJGFEAB@?$CG?$DN@ 0000000180017c1c     libvcruntime:undname.obj
 0002:00000c20       ??_C@_02DHLNPPGH@?$HM?$DN@ 0000000180017c20     libvcruntime:undname.obj
 0002:00000c24       ??_C@_02MHEGNOJ@?$FO?$DN@  0000000180017c24     libvcruntime:undname.obj
 0002:00000c28       ??_C@_09IFPLHPGF@?$GAvftable?8@ 0000000180017c28     libvcruntime:undname.obj
 0002:00000c38       ??_C@_09BLBHBJP@?$GAvbtable?8@ 0000000180017c38     libvcruntime:undname.obj
 0002:00000c48       ??_C@_07FEEIOKP@?$GAvcall?8@ 0000000180017c48     libvcruntime:undname.obj
 0002:00000c50       ??_C@_08LLFFHHDJ@?$GAtypeof?8@ 0000000180017c50     libvcruntime:undname.obj
 0002:00000c60       ??_C@_0BF@KDPPACIK@?$GAlocal?5static?5guard?8@ 0000000180017c60     libvcruntime:undname.obj
 0002:00000c78       ??_C@_08OBABFOLI@?$GAstring?8@ 0000000180017c78     libvcruntime:undname.obj
 0002:00000c88       ??_C@_0BD@JDLKDPAB@?$GAvbase?5destructor?8@ 0000000180017c88     libvcruntime:undname.obj
 0002:00000ca0       ??_C@_0BN@DEGPLNFK@?$GAvector?5deleting?5destructor?8@ 0000000180017ca0     libvcruntime:undname.obj
 0002:00000cc0       ??_C@_0BO@OBMKPJIG@?$GAdefault?5constructor?5closure?8@ 0000000180017cc0     libvcruntime:undname.obj
 0002:00000ce0       ??_C@_0BN@IMDCHIKM@?$GAscalar?5deleting?5destructor?8@ 0000000180017ce0     libvcruntime:undname.obj
 0002:00000d00       ??_C@_0BO@PFGOCPJJ@?$GAvector?5constructor?5iterator?8@ 0000000180017d00     libvcruntime:undname.obj
 0002:00000d20       ??_C@_0BN@LFPFMEDL@?$GAvector?5destructor?5iterator?8@ 0000000180017d20     libvcruntime:undname.obj
 0002:00000d40       ??_C@_0CE@IKBNEHA@?$GAvector?5vbase?5constructor?5itera@ 0000000180017d40     libvcruntime:undname.obj
 0002:00000d68       ??_C@_0BL@NILFHHPC@?$GAvirtual?5displacement?5map?8@ 0000000180017d68     libvcruntime:undname.obj
 0002:00000d88       ??_C@_0CB@JONCMFFK@?$GAeh?5vector?5constructor?5iterator@ 0000000180017d88     libvcruntime:undname.obj
 0002:00000db0       ??_C@_0CA@GCEOPDGL@?$GAeh?5vector?5destructor?5iterator?8@ 0000000180017db0     libvcruntime:undname.obj
 0002:00000dd0       ??_C@_0CH@OOJPLCPH@?$GAeh?5vector?5vbase?5constructor?5it@ 0000000180017dd0     libvcruntime:undname.obj
 0002:00000df8       ??_C@_0BL@LLKPOHJI@?$GAcopy?5constructor?5closure?8@ 0000000180017df8     libvcruntime:undname.obj
 0002:00000e18       ??_C@_0BA@KBCDOMBN@?$GAudt?5returning?8@ 0000000180017e18     libvcruntime:undname.obj
 0002:00000e28       ??_C@_03KLGMFNMG@?$GAEH@   0000000180017e28     libvcruntime:undname.obj
 0002:00000e2c       ??_C@_05KHLCHHI@?$GARTTI@  0000000180017e2c     libvcruntime:undname.obj
 0002:00000e38       ??_C@_0BA@KKLDJDLB@?$GAlocal?5vftable?8@ 0000000180017e38     libvcruntime:undname.obj
 0002:00000e48       ??_C@_0CE@IIHCMGGL@?$GAlocal?5vftable?5constructor?5clos@ 0000000180017e48     libvcruntime:undname.obj
 0002:00000e6c       ??_C@_06FHBGPFGH@?5new?$FL?$FN@ 0000000180017e6c     libvcruntime:undname.obj
 0002:00000e78       ??_C@_09LBNFPBCA@?5delete?$FL?$FN@ 0000000180017e78     libvcruntime:undname.obj
 0002:00000e88       ??_C@_0P@HJKNJFNN@?$GAomni?5callsig?8@ 0000000180017e88     libvcruntime:undname.obj
 0002:00000e98       ??_C@_0BL@CNOONJFP@?$GAplacement?5delete?5closure?8@ 0000000180017e98     libvcruntime:undname.obj
 0002:00000eb8       ??_C@_0BN@CKNJLHMB@?$GAplacement?5delete?$FL?$FN?5closure?8@ 0000000180017eb8     libvcruntime:undname.obj
 0002:00000ed8       ??_C@_0CG@CFDHKGGD@?$GAmanaged?5vector?5constructor?5ite@ 0000000180017ed8     libvcruntime:undname.obj
 0002:00000f00       ??_C@_0CF@IMGKMJNO@?$GAmanaged?5vector?5destructor?5iter@ 0000000180017f00     libvcruntime:undname.obj
 0002:00000f28       ??_C@_0CG@HLDDJMAG@?$GAeh?5vector?5copy?5constructor?5ite@ 0000000180017f28     libvcruntime:undname.obj
 0002:00000f50       ??_C@_0CM@FCBBDIGB@?$GAeh?5vector?5vbase?5copy?5construct@ 0000000180017f50     libvcruntime:undname.obj
 0002:00000f80       ??_C@_0BL@CLIPGLGB@?$GAdynamic?5initializer?5for?5?8@ 0000000180017f80     libvcruntime:undname.obj
 0002:00000fa0       ??_C@_0CB@PDBIFEP@?$GAdynamic?5atexit?5destructor?5for?5@ 0000000180017fa0     libvcruntime:undname.obj
 0002:00000fc8       ??_C@_0CD@CGAJBKEJ@?$GAvector?5copy?5constructor?5iterat@ 0000000180017fc8     libvcruntime:undname.obj
 0002:00000ff0       ??_C@_0CJ@GJELGAMM@?$GAvector?5vbase?5copy?5constructor?5@ 0000000180017ff0     libvcruntime:undname.obj
 0002:00001020       ??_C@_0CL@FGIJHLCE@?$GAmanaged?5vector?5copy?5constructo@ 0000000180018020     libvcruntime:undname.obj
 0002:00001050       ??_C@_0BM@PMGGMLDN@?$GAlocal?5static?5thread?5guard?8@ 0000000180018050     libvcruntime:undname.obj
 0002:00001070       ??_C@_0N@BDNMDMOL@operator?5?$CC?$CC?5@ 0000000180018070     libvcruntime:undname.obj
 0002:00001080       ??_C@_0BC@GGEBGALA@operator?5co_await@ 0000000180018080     libvcruntime:undname.obj
 0002:00001098       ??_C@_0BC@DAFEJGAK@?5Type?5Descriptor?8@ 0000000180018098     libvcruntime:undname.obj
 0002:000010b0       ??_C@_0BM@LDKODKLH@?5Base?5Class?5Descriptor?5at?5?$CI@ 00000001800180b0     libvcruntime:undname.obj
 0002:000010d0       ??_C@_0BD@LGICGFMM@?5Base?5Class?5Array?8@ 00000001800180d0     libvcruntime:undname.obj
 0002:000010e8       ??_C@_0BN@MECKDCOJ@?5Class?5Hierarchy?5Descriptor?8@ 00000001800180e8     libvcruntime:undname.obj
 0002:00001108       ??_C@_0BK@CFCOFLF@?5Complete?5Object?5Locator?8@ 0000000180018108     libvcruntime:undname.obj
 0002:00001130       standard_lookup_table      0000000180018130     libucrt:output.obj
 0002:00001190       ??_C@_1O@CEDCILHN@?$AA?$CI?$AAn?$AAu?$AAl?$AAl?$AA?$CJ?$AA?$AA@ 0000000180018190     libucrt:output.obj
 0002:000011a0       ??_C@_06OJHGLDPL@?$CInull?$CJ?$AA@ 00000001800181a0     libucrt:output.obj
 0002:000011b0       __acrt_exception_action_table 00000001800181b0     libucrt:exception_filter.obj
 0002:00001270       __acrt_signal_action_table_count 0000000180018270     libucrt:exception_filter.obj
 0002:00001278       __acrt_signal_action_first_fpe_index 0000000180018278     libucrt:exception_filter.obj
 0002:00001280       __acrt_signal_action_fpe_count 0000000180018280     libucrt:exception_filter.obj
 0002:00001288       ??_C@_1BI@BGOHAHKC@?$AAm?$AAs?$AAc?$AAo?$AAr?$AAe?$AAe?$AA?4?$AAd?$AAl?$AAl?$AA?$AA@ 0000000180018288     libucrt:exit.obj
 0002:000012a0       ??_C@_0P@MIGLKIOC@CorExitProcess?$AA@ 00000001800182a0     libucrt:exit.obj
 0002:000015c0       ??_C@_1EA@JGEFHKEI@?$AAa?$AAp?$AAi?$AA?9?$AAm?$AAs?$AA?9?$AAw?$AAi?$AAn?$AA?9?$AAc?$AAo?$AAr?$AAe?$AA?9?$AAd?$AAa?$AAt?$AAe?$AAt?$AAi?$AAm?$AAe?$AA?9?$AAl?$AA1?$AA?9?$AA1?$AA?9?$AA1?$AA?$AA@ 00000001800185c0     libucrt:winapi_thunks.obj
 0002:00001600       ??_C@_1DM@KHCHBNEB@?$AAa?$AAp?$AAi?$AA?9?$AAm?$AAs?$AA?9?$AAw?$AAi?$AAn?$AA?9?$AAc?$AAo?$AAr?$AAe?$AA?9?$AAf?$AAi?$AAb?$AAe?$AAr?$AAs?$AA?9?$AAl?$AA1?$AA?9?$AA1?$AA?9?$AA1?$AA?$AA@ 0000000180018600     libucrt:winapi_thunks.obj
 0002:00001640       ??_C@_1DI@IJCEHOCB@?$AAa?$AAp?$AAi?$AA?9?$AAm?$AAs?$AA?9?$AAw?$AAi?$AAn?$AA?9?$AAc?$AAo?$AAr?$AAe?$AA?9?$AAf?$AAi?$AAl?$AAe?$AA?9?$AAl?$AA1?$AA?9?$AA2?$AA?9?$AA2?$AA?$AA@ 0000000180018640     libucrt:winapi_thunks.obj
 0002:00001680       ??_C@_1EI@MPIAOHOC@?$AAa?$AAp?$AAi?$AA?9?$AAm?$AAs?$AA?9?$AAw?$AAi?$AAn?$AA?9?$AAc?$AAo?$AAr?$AAe?$AA?9?$AAl?$AAo?$AAc?$AAa?$AAl?$AAi?$AAz?$AAa?$AAt?$AAi?$AAo?$AAn?$AA?9?$AAl?$AA1?$AA?9@ 0000000180018680     libucrt:winapi_thunks.obj
 0002:000016d0       ??_C@_1FK@FPHCKFIE@?$AAa?$AAp?$AAi?$AA?9?$AAm?$AAs?$AA?9?$AAw?$AAi?$AAn?$AA?9?$AAc?$AAo?$AAr?$AAe?$AA?9?$AAl?$AAo?$AAc?$AAa?$AAl?$AAi?$AAz?$AAa?$AAt?$AAi?$AAo?$AAn?$AA?9?$AAo?$AAb?$AAs@ 00000001800186d0     libucrt:winapi_thunks.obj
 0002:00001730       ??_C@_1EM@DILCGIIO@?$AAa?$AAp?$AAi?$AA?9?$AAm?$AAs?$AA?9?$AAw?$AAi?$AAn?$AA?9?$AAc?$AAo?$AAr?$AAe?$AA?9?$AAp?$AAr?$AAo?$AAc?$AAe?$AAs?$AAs?$AAt?$AAh?$AAr?$AAe?$AAa?$AAd?$AAs?$AA?9?$AAl@ 0000000180018730     libucrt:winapi_thunks.obj
 0002:00001780       ??_C@_1DM@LNCGDDPN@?$AAa?$AAp?$AAi?$AA?9?$AAm?$AAs?$AA?9?$AAw?$AAi?$AAn?$AA?9?$AAc?$AAo?$AAr?$AAe?$AA?9?$AAs?$AAt?$AAr?$AAi?$AAn?$AAg?$AA?9?$AAl?$AA1?$AA?9?$AA1?$AA?9?$AA0?$AA?$AA@ 0000000180018780     libucrt:winapi_thunks.obj
 0002:000017c0       ??_C@_1DK@LPPGFMPP@?$AAa?$AAp?$AAi?$AA?9?$AAm?$AAs?$AA?9?$AAw?$AAi?$AAn?$AA?9?$AAc?$AAo?$AAr?$AAe?$AA?9?$AAs?$AAy?$AAn?$AAc?$AAh?$AA?9?$AAl?$AA1?$AA?9?$AA2?$AA?9?$AA0?$AA?$AA@ 00000001800187c0     libucrt:winapi_thunks.obj
 0002:00001800       ??_C@_1DO@FPAPJEMD@?$AAa?$AAp?$AAi?$AA?9?$AAm?$AAs?$AA?9?$AAw?$AAi?$AAn?$AA?9?$AAc?$AAo?$AAr?$AAe?$AA?9?$AAs?$AAy?$AAs?$AAi?$AAn?$AAf?$AAo?$AA?9?$AAl?$AA1?$AA?9?$AA2?$AA?9?$AA1?$AA?$AA@ 0000000180018800     libucrt:winapi_thunks.obj
 0002:00001840       ??_C@_1DK@NDHNAHIO@?$AAa?$AAp?$AAi?$AA?9?$AAm?$AAs?$AA?9?$AAw?$AAi?$AAn?$AA?9?$AAc?$AAo?$AAr?$AAe?$AA?9?$AAw?$AAi?$AAn?$AAr?$AAt?$AA?9?$AAl?$AA1?$AA?9?$AA1?$AA?9?$AA0?$AA?$AA@ 0000000180018840     libucrt:winapi_thunks.obj
 0002:00001880       ??_C@_1DM@KGHDGBCM@?$AAa?$AAp?$AAi?$AA?9?$AAm?$AAs?$AA?9?$AAw?$AAi?$AAn?$AA?9?$AAc?$AAo?$AAr?$AAe?$AA?9?$AAx?$AAs?$AAt?$AAa?$AAt?$AAe?$AA?9?$AAl?$AA2?$AA?9?$AA1?$AA?9?$AA0?$AA?$AA@ 0000000180018880     libucrt:winapi_thunks.obj
 0002:000018c0       ??_C@_1EO@IJIOEFOH@?$AAa?$AAp?$AAi?$AA?9?$AAm?$AAs?$AA?9?$AAw?$AAi?$AAn?$AA?9?$AAr?$AAt?$AAc?$AAo?$AAr?$AAe?$AA?9?$AAn?$AAt?$AAu?$AAs?$AAe?$AAr?$AA?9?$AAw?$AAi?$AAn?$AAd?$AAo?$AAw?$AA?9@ 00000001800188c0     libucrt:winapi_thunks.obj
 0002:00001910       ??_C@_1FG@HHGEKANL@?$AAa?$AAp?$AAi?$AA?9?$AAm?$AAs?$AA?9?$AAw?$AAi?$AAn?$AA?9?$AAs?$AAe?$AAc?$AAu?$AAr?$AAi?$AAt?$AAy?$AA?9?$AAs?$AAy?$AAs?$AAt?$AAe?$AAm?$AAf?$AAu?$AAn?$AAc?$AAt?$AAi@ 0000000180018910     libucrt:winapi_thunks.obj
 0002:00001970       ??_C@_1EG@DBIOJECG@?$AAe?$AAx?$AAt?$AA?9?$AAm?$AAs?$AA?9?$AAw?$AAi?$AAn?$AA?9?$AAn?$AAt?$AAu?$AAs?$AAe?$AAr?$AA?9?$AAd?$AAi?$AAa?$AAl?$AAo?$AAg?$AAb?$AAo?$AAx?$AA?9?$AAl?$AA1?$AA?9?$AA1@ 0000000180018970     libucrt:winapi_thunks.obj
 0002:000019c0       ??_C@_1EO@FIHMJCLF@?$AAe?$AAx?$AAt?$AA?9?$AAm?$AAs?$AA?9?$AAw?$AAi?$AAn?$AA?9?$AAn?$AAt?$AAu?$AAs?$AAe?$AAr?$AA?9?$AAw?$AAi?$AAn?$AAd?$AAo?$AAw?$AAs?$AAt?$AAa?$AAt?$AAi?$AAo?$AAn?$AA?9@ 00000001800189c0     libucrt:winapi_thunks.obj
 0002:00001a10       ??_C@_1BC@DNHGCMLG@?$AAa?$AAd?$AAv?$AAa?$AAp?$AAi?$AA3?$AA2?$AA?$AA@ 0000000180018a10     libucrt:winapi_thunks.obj
 0002:00001a28       ??_C@_1BC@GDMECMAK@?$AAk?$AAe?$AAr?$AAn?$AAe?$AAl?$AA3?$AA2?$AA?$AA@ 0000000180018a28     libucrt:winapi_thunks.obj
[...]
 0004:00000fa8       $pdata$??$?RV<lambda_450d765d439847d4c735a33c368b5fc0>@@AEAV<lambda_44731a7d0e6d81c3e6aa82d741081786>@@V<lambda_601a2a7da3b7a96e9554ac7215c4b07c>@@@?$__crt_seh_guarded_call@P6AXH@Z@@QEAAP6AXH@Z$$QEAV<lambda_450d765d439847d4c735a33c368b5fc0>@@AEAV<lambda_44731a7d0e6d81c3e6aa82d741081786>@@$$QEAV<lambda_601a2a7da3b7a96e9554ac7215c4b07c>@@@Z 0000000180024fa8     libucrt:signal.obj
 0004:00000fb4       $pdata$__acrt_get_sigabrt_handler 0000000180024fb4     libucrt:signal.obj
 0004:00000fc0       $pdata$raise               0000000180024fc0     libucrt:signal.obj
 0004:00000fcc       $pdata$__pctype_func       0000000180024fcc     libucrt:ctype.obj
 0004:00000fd8       $pdata$_isctype_l          0000000180024fd8     libucrt:isctype.obj
 0004:00000fe4       $pdata$?GetTableIndexFromLocaleName@@YAHPEB_W@Z 0000000180024fe4     libucrt:lcidtoname_downlevel.obj
 0004:00000ff0       $pdata$__acrt_DownlevelLocaleNameToLCID 0000000180024ff0     libucrt:lcidtoname_downlevel.obj
 0004:00000ffc       $pdata$_fclose_nolock      0000000180024ffc     libucrt:fclose.obj
 0004:00001008       $pdata$fclose              0000000180025008     libucrt:fclose.obj
 0004:00001014       $pdata$??$?RV<lambda_a37b2b86f63e897a80ea819b0eb08c01>@@AEAV<lambda_38ce7e780aa69e748d6df282ebc68efe>@@V<lambda_99fb1378e971ab6e7edea83e3a7a83a2>@@@?$__crt_seh_guarded_call@H@@QEAAH$$QEAV<lambda_a37b2b86f63e897a80ea819b0eb08c01>@@AEAV<lambda_38ce7e780aa69e748d6df282ebc68efe>@@$$QEAV<lambda_99fb1378e971ab6e7edea83e3a7a83a2>@@@Z 0000000180025014     libucrt:commit.obj
 0004:00001020       $pdata$_commit             0000000180025020     libucrt:commit.obj
 0004:0000102c       $pdata$?write_double_translated_ansi_nolock@@YA?AUwrite_result@?A0x17268360@@HQEBDI@Z 000000018002502c     libucrt:write.obj
 0004:00001038       $pdata$?write_text_ansi_nolock@@YA?AUwrite_result@?A0x17268360@@HQEBDI@Z 0000000180025038     libucrt:write.obj
 0004:00001044       $pdata$?write_text_utf16le_nolock@@YA?AUwrite_result@?A0x17268360@@HQEBDI@Z 0000000180025044     libucrt:write.obj
 0004:00001050       $pdata$?write_text_utf8_nolock@@YA?AUwrite_result@?A0x17268360@@HQEBDI@Z 0000000180025050     libucrt:write.obj
 0004:0000105c       $pdata$_write              000000018002505c     libucrt:write.obj
 0004:00001068       $pdata$_write_nolock       0000000180025068     libucrt:write.obj
 0004:00001074       $pdata$__acrt_lowio_create_handle_array 0000000180025074     libucrt:osfinfo.obj
 0004:00001080       $pdata$__acrt_lowio_destroy_handle_array 0000000180025080     libucrt:osfinfo.obj
 0004:0000108c       $pdata$__acrt_lowio_ensure_fh_exists 000000018002508c     libucrt:osfinfo.obj
 0004:00001098       $pdata$_free_osfhnd        0000000180025098     libucrt:osfinfo.obj
 0004:000010a4       $pdata$_get_osfhandle      00000001800250a4     libucrt:osfinfo.obj
 0004:000010b0       $pdata$_isleadbyte_l       00000001800250b0     libucrt:_wctype.obj
 0004:000010bc       $pdata$?__acrt_LCMapStringA_stat@@YAHPEAU__crt_locale_pointers@@PEB_WKPEBDHPEADHHH@Z 00000001800250bc     libucrt:lcmapstringa.obj
 0004:000010c8       $pdata$__acrt_LCMapStringA 00000001800250c8     libucrt:lcmapstringa.obj
 0004:000010d4       $pdata$?__mbrtowc_utf8@__crt_mbstring@@YA_KPEA_WPEBD_KPEAU_Mbstatet@@@Z 00000001800250d4     libucrt:mbrtowc.obj
 0004:000010e0       $pdata$?__mbsrtowcs_utf8@__crt_mbstring@@YA_KPEA_WPEAPEBD_KPEAU_Mbstatet@@@Z 00000001800250e0     libucrt:mbrtowc.obj
 0004:000010ec       $pdata$?__c32rtomb_utf8@__crt_mbstring@@YA_KPEAD_UPEAU_Mbstatet@@@Z 00000001800250ec     libucrt:c32rtomb.obj
 0004:000010f8       $pdata$__acrt_free_locale  00000001800250f8     libucrt:locale_refcounting.obj
 0004:00001104       $pdata$__acrt_locale_free_lc_time_if_unreferenced 0000000180025104     libucrt:locale_refcounting.obj
 0004:00001110       $pdata$__acrt_release_locale_ref 0000000180025110     libucrt:locale_refcounting.obj
 0004:0000111c       $pdata$__acrt_update_thread_locale_data 000000018002511c     libucrt:locale_refcounting.obj
 0004:00001128       $pdata$_updatetlocinfoEx_nolock 0000000180025128     libucrt:locale_refcounting.obj
 0004:00001134       $pdata$__acrt_fp_strflt_to_string 0000000180025134     libucrt:_fptostr.obj
 0004:00001140       $pdata$?divide@__crt_strtox@@YA_KAEAUbig_integer@1@AEBU21@@Z 0000000180025140     libucrt:cfout.obj
 0004:0000114c       $pdata$0$?divide@__crt_strtox@@YA_KAEAUbig_integer@1@AEBU21@@Z 000000018002514c     libucrt:cfout.obj
 0004:00001158       $pdata$1$?divide@__crt_strtox@@YA_KAEAUbig_integer@1@AEBU21@@Z 0000000180025158     libucrt:cfout.obj
 0004:00001164       $pdata$__acrt_fltout       0000000180025164     libucrt:cfout.obj
 0004:00001170       $pdata$memcpy_s            0000000180025170     libucrt:cfout.obj
 0004:0000117c       $pdata$??$write_buffer_nolock@D@@YA_NDV__crt_stdio_stream@@@Z 000000018002517c     libucrt:_flsbuf.obj
 0004:00001188       $pdata$?stream_is_at_end_of_file_nolock@@YA_NV__crt_stdio_stream@@@Z 0000000180025188     libucrt:_flsbuf.obj
 0004:00001194       $pdata$__acrt_stdio_flush_and_write_narrow_nolock 0000000180025194     libucrt:_flsbuf.obj
 0004:000011a0       $pdata$_isatty             00000001800251a0     libucrt:isatty.obj
 0004:000011ac       $pdata$__acrt_locale_free_monetary 00000001800251ac     libucrt:initmon.obj
 0004:000011b8       $pdata$__acrt_locale_free_numeric 00000001800251b8     libucrt:initnum.obj
 0004:000011c4       $pdata$?free_crt_array_internal@@YAXQEAPEBX_K@Z 00000001800251c4     libucrt:inittime.obj
 0004:000011d0       $pdata$__acrt_locale_free_time 00000001800251d0     libucrt:inittime.obj
 0004:000011dc       $pdata$__acrt_GetStringTypeA 00000001800251dc     libucrt:getstringtypea.obj
 0004:000011e8       $pdata$qsort               00000001800251e8     libucrt:qsort.obj
 0004:000011f4       $pdata$4$qsort             00000001800251f4     libucrt:qsort.obj
 0004:00001200       $pdata$5$qsort             0000000180025200     libucrt:qsort.obj
 0004:0000120c       $pdata$strncpy_s           000000018002520c     libucrt:strncpy_s.obj
 0004:00001218       $pdata$fallbackMethod      0000000180025218     libucrt:strpbrk.obj
 0004:00001224       $pdata$strpbrk             0000000180025224     libucrt:strpbrk.obj
 0004:00001230       $pdata$_mbsdec_l           0000000180025230     libucrt:mbsdec.obj
 0004:0000123c       $pdata$?initialize_multibyte@@YAHXZ 000000018002523c     libucrt:multibyte_initializer.obj
 0004:00001248       $pdata$_msize_base         0000000180025248     libucrt:msize.obj
 0004:00001254       $pdata$_realloc_base       0000000180025254     libucrt:realloc_base.obj
 0004:00001260       $pdata$??$?RV<lambda_751a882b2c74d4b022dec766aa51a29a>@@AEAV<lambda_628dfdc04ba53c8bfc02c9951375f3f5>@@V<lambda_f6c7be5f7998530c34de24c7437d6b54>@@@?$__crt_seh_guarded_call@H@@QEAAH$$QEAV<lambda_751a882b2c74d4b022dec766aa51a29a>@@AEAV<lambda_628dfdc04ba53c8bfc02c9951375f3f5>@@$$QEAV<lambda_f6c7be5f7998530c34de24c7437d6b54>@@@Z 0000000180025260     libucrt:close.obj
 0004:0000126c       $pdata$_close              000000018002526c     libucrt:close.obj
 0004:00001278       $pdata$_close_nolock       0000000180025278     libucrt:close.obj
 0004:00001284       $pdata$??$common_lseek@_J@@YA_JH_JH@Z 0000000180025284     libucrt:lseek.obj
 0004:00001290       $pdata$??$common_lseek_nolock@_J@@YA_JH_JH@Z 0000000180025290     libucrt:lseek.obj
 0004:0000129c       $pdata$_putwch_nolock      000000018002529c     libucrt:putwch.obj
 0004:000012a8       $pdata$?__mbrtoc32_utf8@__crt_mbstring@@YA_KPEA_UPEBD_KPEAU_Mbstatet@@@Z 00000001800252a8     libucrt:mbrtoc32.obj
 0004:000012b4       $pdata$fegetenv            00000001800252b4     libucrt:fegetenv.obj
 0004:000012c0       $pdata$fesetenv            00000001800252c0     libucrt:fesetenv.obj
 0004:000012cc       $pdata$feholdexcept        00000001800252cc     libucrt:feholdexcept.obj
 0004:000012e4       $pdata$__acrt_stdio_allocate_buffer_nolock 00000001800252e4     libucrt:_getbuf.obj
 0004:000012f0       $pdata$__dcrt_lowio_ensure_console_output_initialized 00000001800252f0     libucrt:initcon.obj
 0004:000012fc       $pdata$__dcrt_terminate_console_output 00000001800252fc     libucrt:initcon.obj
 0004:00001308       $pdata$__dcrt_write_console 0000000180025308     libucrt:initcon.obj
 0004:00001314       $pdata$__acrt_fenv_set_control 0000000180025314     libucrt:_fenvutils.obj
 0004:00001320       $pdata$_clearfp            0000000180025320     libucrt:ieee.obj
 0004:0000132c       $pdata$_call_matherr       000000018002532c     libucrt:libm_error.obj
 0004:00001338       $pdata$_exception_enabled  0000000180025338     libucrt:libm_error.obj
 0004:00001344       $pdata$_handle_error       0000000180025344     libucrt:libm_error.obj
 0004:00001350       $pdata$__acrt_initialize_fma3 0000000180025350     libucrt:fma3_available.obj
 0004:0000135c       $pdata$_log10_special      000000018002535c     libucrt:log_special.obj
 0004:00001368       $pdata$_log_special_common 0000000180025368     libucrt:log_special.obj
 0004:00001380       $pdata$_raise_exc          0000000180025380     libucrt:fpexcept.obj
 0004:0000138c       $pdata$_raise_exc_ex       000000018002538c     libucrt:fpexcept.obj
 0004:00001398       $pdata$_set_errno_from_matherr 0000000180025398     libucrt:fpexcept.obj
 0004:000013a4       $pdata$_clrfp              00000001800253a4     libucrt:fpctrl.obj
 0004:000013b0       $pdata$_ctrlfp             00000001800253b0     libucrt:fpctrl.obj
 0004:000013bc       $pdata$_set_statfp         00000001800253bc     libucrt:fpctrl.obj
 0004:000013c8       $pdata$_statfp             00000001800253c8     libucrt:fpctrl.obj
 0004:000013d4       $pdata$?DloadAcquireSectionWriteAccess@@YAXXZ 00000001800253d4     DelayImp:delayhlp.obj
 0004:000013e0       $pdata$?DloadGetSRWLockFunctionPointers@@YAEXZ 00000001800253e0     DelayImp:delayhlp.obj
 0004:000013ec       $pdata$?DloadMakePermanentImageCommit@@YAXPEAX_K@Z 00000001800253ec     DelayImp:delayhlp.obj
 0004:000013f8       $pdata$?DloadObtainSection@@YAPEAXPEAK0@Z 00000001800253f8     DelayImp:delayhlp.obj
 0004:00001404       $pdata$?DloadProtectSection@@YAXKPEAK@Z 0000000180025404     DelayImp:delayhlp.obj
 0004:00001410       $pdata$?DloadReleaseSectionWriteAccess@@YAXXZ 0000000180025410     DelayImp:delayhlp.obj
 0004:0000141c       $pdata$__delayLoadHelper2  000000018002541c     DelayImp:delayhlp.obj
 0004:00001428       $pdata$__GSHandlerCheck    0000000180025428     LIBCMT:gshandler.obj
 0004:00001434       $pdata$__GSHandlerCheckCommon 0000000180025434     LIBCMT:gshandler.obj
 0004:00001440       $pdata$_IsNonwritableInCurrentImage 0000000180025440     LIBCMT:pesect.obj
 0004:00001458       $pdata$strrchr             0000000180025458     libvcruntime:strrchr.obj
 0004:0000147c       $pdata$?fin$0@?0??dllmain_crt_process_attach@@YAHQEAUHINSTANCE__@@QEAX@Z@4HA 000000018002547c     LIBCMT:dll_dllmain.obj
 0004:00001488       $pdata$?fin$0@?0??dllmain_crt_process_detach@@YAH_N@Z@4HA 0000000180025488     LIBCMT:dll_dllmain.obj
 0004:00001494       $pdata$?filt$0@?0??dllmain_dispatch@@YAHQEAUHINSTANCE__@@KQEAX@Z@4HA 0000000180025494     LIBCMT:dll_dllmain.obj
 0004:000014a0       $pdata$__scrt_is_nonwritable_in_current_image$filt$0 00000001800254a0     LIBCMT:utility.obj
 0004:000014ac       $pdata$__DestructExceptionObject$filt$0 00000001800254ac     libvcruntime:ehhelpers.obj
 0004:000014b8       $pdata$?filt$0@?0???$_CallSETranslator@V__FrameHandler3@@@@YAHPEAUEHExceptionRecord@@PEA_KPEAU_CONTEXT@@PEAU_xDISPATCHER_CONTEXT@@PEBU_s_FuncInfo@@K1@Z@4HA 00000001800254b8     libvcruntime:risctrnsctrl.obj
 0004:000014c4       $pdata$?filt$0@?0??CxxCallCatchBlock@__FrameHandler3@@SAPEAXPEAU_EXCEPTION_RECORD@@@Z@4HA 00000001800254c4     libvcruntime:frame.obj
 0004:000014d0       $pdata$?fin$1@?0??CxxCallCatchBlock@__FrameHandler3@@SAPEAXPEAU_EXCEPTION_RECORD@@@Z@4HA 00000001800254d0     libvcruntime:frame.obj
 0004:000014dc       $pdata$?filt$0@?0??FrameUnwindToState@__FrameHandler3@@SAXPEA_KPEAU_xDISPATCHER_CONTEXT@@PEBU_s_FuncInfo@@H@Z@4HA 00000001800254dc     libvcruntime:frame.obj
 0004:000014e8       $pdata$?fin$1@?0??FrameUnwindToState@__FrameHandler3@@SAXPEA_KPEAU_xDISPATCHER_CONTEXT@@PEBU_s_FuncInfo@@H@Z@4HA 00000001800254e8     libvcruntime:frame.obj
 0004:000014f4       $pdata$?fin$0@?0???$?RV<lambda_a62c933ada0517137acf5807a1eeac1f>@@AEAV<lambda_a31071773b9a94e445cbd5d04ef99106>@@V<lambda_56065050dbf3ada7e59a83db45153de3>@@@?$__crt_seh_guarded_call@H@@QEAAH$$QEAV<lambda_a62c933ada0517137acf5807a1eeac1f>@@AEAV<lambda_a31071773b9a94e445cbd5d04ef99106>@@$$QEAV<lambda_56065050dbf3ada7e59a83db45153de3>@@@Z@4HA 00000001800254f4     libucrt:output.obj
 0004:000014f4       $pdata$?fin$0@?0???$?RV<lambda_842d9ff0dc9ef11c61343bbaebe7f885>@@AEAV<lambda_c5860995281e5c4ce005b3de8f5874ee>@@V<lambda_d90129c13df834fdcbf8d2b88dafcf2d>@@@?$__crt_seh_guarded_call@X@@QEAAX$$QEAV<lambda_842d9ff0dc9ef11c61343bbaebe7f885>@@AEAV<lambda_c5860995281e5c4ce005b3de8f5874ee>@@$$QEAV<lambda_d90129c13df834fdcbf8d2b88dafcf2d>@@@Z@4HA 00000001800254f4     libucrt:fflush.obj
 0004:00001500       $pdata$_query_new_handler$fin$0 0000000180025500     libucrt:new_handler.obj
 0004:0000150c       $pdata$?fin$0@?0???$?RV<lambda_450d765d439847d4c735a33c368b5fc0>@@AEAV<lambda_44731a7d0e6d81c3e6aa82d741081786>@@V<lambda_601a2a7da3b7a96e9554ac7215c4b07c>@@@?$__crt_seh_guarded_call@P6AXH@Z@@QEAAP6AXH@Z$$QEAV<lambda_450d765d439847d4c735a33c368b5fc0>@@AEAV<lambda_44731a7d0e6d81c3e6aa82d741081786>@@$$QEAV<lambda_601a2a7da3b7a96e9554ac7215c4b07c>@@@Z@4HA 000000018002550c     libucrt:signal.obj
 0004:0000150c       $pdata$?fin$0@?0???$?RV<lambda_0ae27a3a962d80f24befdcbee591983d>@@AEAV<lambda_8d0ee55de4b1038c4002e0adecdf1839>@@V<lambda_dc504788e8f1664fe9b84e20bfb512f2>@@@?$__crt_seh_guarded_call@X@@QEAAX$$QEAV<lambda_0ae27a3a962d80f24befdcbee591983d>@@AEAV<lambda_8d0ee55de4b1038c4002e0adecdf1839>@@$$QEAV<lambda_dc504788e8f1664fe9b84e20bfb512f2>@@@Z@4HA 000000018002550c     libucrt:per_thread_data.obj
 0004:0000150c       $pdata$?fin$0@?0???$?RV<lambda_2d41944a1d46af3157314b8a01080d33>@@AEAV<lambda_8f455de75cd7d7f24b4096f044d8b9e6>@@V<lambda_aa500f224e6afead328df44964fe2772>@@@?$__crt_seh_guarded_call@X@@QEAAX$$QEAV<lambda_2d41944a1d46af3157314b8a01080d33>@@AEAV<lambda_8f455de75cd7d7f24b4096f044d8b9e6>@@$$QEAV<lambda_aa500f224e6afead328df44964fe2772>@@@Z@4HA 000000018002550c     libucrt:per_thread_data.obj
 0004:0000150c       $pdata$?fin$0@?0???$?RV<lambda_7777bce6b2f8c936911f934f8298dc43>@@AEAV<lambda_f03950bc5685219e0bcd2087efbe011e>@@V<lambda_3883c3dff614d5e0c5f61bb1ac94921c>@@@?$__crt_seh_guarded_call@H@@QEAAH$$QEAV<lambda_7777bce6b2f8c936911f934f8298dc43>@@AEAV<lambda_f03950bc5685219e0bcd2087efbe011e>@@$$QEAV<lambda_3883c3dff614d5e0c5f61bb1ac94921c>@@@Z@4HA 000000018002550c     libucrt:onexit.obj
 0004:0000150c       $pdata$?fin$0@?0???$?RV<lambda_638799b9deba96c50f710eeac98168cd>@@AEAV<lambda_22ebabd17bc4fa466a2aca6d8deb888d>@@V<lambda_a6f7d7db0129f75315ebf26d50c089f1>@@@?$__crt_seh_guarded_call@H@@QEAAH$$QEAV<lambda_638799b9deba96c50f710eeac98168cd>@@AEAV<lambda_22ebabd17bc4fa466a2aca6d8deb888d>@@$$QEAV<lambda_a6f7d7db0129f75315ebf26d50c089f1>@@@Z@4HA 000000018002550c     libucrt:onexit.obj
 0004:0000150c       $pdata$?fin$0@?0???$?RV<lambda_d80eeec6fff315bfe5c115232f3240e3>@@AEAV<lambda_6e4b09c48022b2350581041d5f6b0c4c>@@V<lambda_2358e3775559c9db80273638284d5e45>@@@?$__crt_seh_guarded_call@X@@QEAAX$$QEAV<lambda_d80eeec6fff315bfe5c115232f3240e3>@@AEAV<lambda_6e4b09c48022b2350581041d5f6b0c4c>@@$$QEAV<lambda_2358e3775559c9db80273638284d5e45>@@@Z@4HA 000000018002550c     libucrt:exit.obj
 0004:0000150c       $pdata$?fin$0@?0???$?RV<lambda_f2e299630e499de9f9a165e60fcd3db5>@@AEAV<lambda_2ae9d31cdba2644fcbeaf08da7c24588>@@V<lambda_40d01ff24d0e7b3814fdbdcee8eab3c7>@@@?$__crt_seh_guarded_call@X@@QEAAX$$QEAV<lambda_f2e299630e499de9f9a165e60fcd3db5>@@AEAV<lambda_2ae9d31cdba2644fcbeaf08da7c24588>@@$$QEAV<lambda_40d01ff24d0e7b3814fdbdcee8eab3c7>@@@Z@4HA 000000018002550c     libucrt:per_thread_data.obj
 0004:0000150c       $pdata$?fin$0@?0???$?RV<lambda_aa87e3671a710a21b5dc78c0bdf72e11>@@AEAV<lambda_92619d2358a28f41a33ba319515a20b9>@@V<lambda_6992ecaafeb10aed2b74cb1fae11a551>@@@?$__crt_seh_guarded_call@X@@QEAAX$$QEAV<lambda_aa87e3671a710a21b5dc78c0bdf72e11>@@AEAV<lambda_92619d2358a28f41a33ba319515a20b9>@@$$QEAV<lambda_6992ecaafeb10aed2b74cb1fae11a551>@@@Z@4HA 000000018002550c     libucrt:per_thread_data.obj
 0004:0000150c       $pdata$?fin$0@?0???$?RV<lambda_efdfa57d1f175319df784efa44bb7b81>@@AEAV<lambda_5f0a4c1567f8adc6734073e5d1e1b35c>@@V<lambda_2e8a7d3640ea6ccb4c2413664c2db6fd>@@@?$__crt_seh_guarded_call@X@@QEAAX$$QEAV<lambda_efdfa57d1f175319df784efa44bb7b81>@@AEAV<lambda_5f0a4c1567f8adc6734073e5d1e1b35c>@@$$QEAV<lambda_2e8a7d3640ea6ccb4c2413664c2db6fd>@@@Z@4HA 000000018002550c     libucrt:mbctype.obj
 0004:00001518       $pdata$?filt$0@?0???R<lambda_6e4b09c48022b2350581041d5f6b0c4c>@@QEBA@XZ@4HA 0000000180025518     libucrt:exit.obj
 0004:00001524       $pdata$_fcloseall$fin$0    0000000180025524     libucrt:closeall.obj
 0004:00001530       $pdata$?fin$0@?0???$?RV<lambda_886d6c58226a84441f68b9f2b8217b83>@@AEAV<lambda_ab61a845afdef5b7c387490eaf3616ee>@@V<lambda_f7f22ab5edc0698d5f6905b0d3f44752>@@@?$__crt_seh_guarded_call@X@@QEAAX$$QEAV<lambda_886d6c58226a84441f68b9f2b8217b83>@@AEAV<lambda_ab61a845afdef5b7c387490eaf3616ee>@@$$QEAV<lambda_f7f22ab5edc0698d5f6905b0d3f44752>@@@Z@4HA 0000000180025530     libucrt:fflush.obj
 0004:0000153c       $pdata$__acrt_lowio_ensure_fh_exists$fin$0 000000018002553c     libucrt:osfinfo.obj
 0004:0000153c       $pdata$__acrt_initialize_lowio$fin$0 000000018002553c     libucrt:ioinit.obj
 0004:00001548       $pdata$?fin$0@?0???$?RV<lambda_410d79af7f07d98d83a3f525b3859a53>@@AEAV<lambda_3e16ef9562a7dcce91392c22ab16ea36>@@V<lambda_38119f0e861e05405d8a144b9b982f0a>@@@?$__crt_seh_guarded_call@X@@QEAAX$$QEAV<lambda_410d79af7f07d98d83a3f525b3859a53>@@AEAV<lambda_3e16ef9562a7dcce91392c22ab16ea36>@@$$QEAV<lambda_38119f0e861e05405d8a144b9b982f0a>@@@Z@4HA 0000000180025548     libucrt:wsetlocale.obj
 0004:00001554       $pdata$?fin$0@?0??update_thread_multibyte_data_internal@@YAPEAU__crt_multibyte_data@@QEAU__acrt_ptd@@QEAPEAU1@@Z@4HA 0000000180025554     libucrt:mbctype.obj
 0004:00001560       $pdata$raise$fin$0         0000000180025560     libucrt:signal.obj
 0004:0000156c       $pdata$fclose$fin$0        000000018002556c     libucrt:fclose.obj
 0004:00001578       $pdata$?fin$0@?0???$?RV<lambda_751a882b2c74d4b022dec766aa51a29a>@@AEAV<lambda_628dfdc04ba53c8bfc02c9951375f3f5>@@V<lambda_f6c7be5f7998530c34de24c7437d6b54>@@@?$__crt_seh_guarded_call@H@@QEAAH$$QEAV<lambda_751a882b2c74d4b022dec766aa51a29a>@@AEAV<lambda_628dfdc04ba53c8bfc02c9951375f3f5>@@$$QEAV<lambda_f6c7be5f7998530c34de24c7437d6b54>@@@Z@4HA 0000000180025578     libucrt:close.obj
 0004:00001578       $pdata$?fin$0@?0???$?RV<lambda_a37b2b86f63e897a80ea819b0eb08c01>@@AEAV<lambda_38ce7e780aa69e748d6df282ebc68efe>@@V<lambda_99fb1378e971ab6e7edea83e3a7a83a2>@@@?$__crt_seh_guarded_call@H@@QEAAH$$QEAV<lambda_a37b2b86f63e897a80ea819b0eb08c01>@@AEAV<lambda_38ce7e780aa69e748d6df282ebc68efe>@@$$QEAV<lambda_99fb1378e971ab6e7edea83e3a7a83a2>@@@Z@4HA 0000000180025578     libucrt:commit.obj
 0004:00001584       $pdata$?fin$0@?0???$common_lseek@_J@@YA_JH_JH@Z@4HA 0000000180025584     libucrt:lseek.obj
 0004:00001584       $pdata$_write$fin$0        0000000180025584     libucrt:write.obj
 0004:00001590       $pdata$__acrt_update_thread_locale_data$fin$0 0000000180025590     libucrt:locale_refcounting.obj
 0004:0000159c       $pdata$_ctrlfp$filt$0      000000018002559c     libucrt:fpctrl.obj
 0004:000015a8       $pdata$_IsNonwritableInCurrentImage$filt$0 00000001800255a8     LIBCMT:pesect.obj
 0005:00000060       $R000000                   0000000180026060     * linker generated manifest res *

 Exports

  ordinal    name

        1    _register_addon_
